Archive member included to satisfy reference by file (symbol)

C:/ST/STM32CubeIDE_1.13.0/STM32CubeIDE/plugins/com.st.stm32cube.ide.mcu.externaltools.gnu-tools-for-stm32.11.3.rel1.win32_1.1.0.202305231506/tools/bin/../lib/gcc/arm-none-eabi/11.3.1/../../../../arm-none-eabi/lib/thumb/v7e-m+fp/hard\libc_nano.a(libc_a-exit.o)
                              C:/ST/STM32CubeIDE_1.13.0/STM32CubeIDE/plugins/com.st.stm32cube.ide.mcu.externaltools.gnu-tools-for-stm32.11.3.rel1.win32_1.1.0.202305231506/tools/bin/../lib/gcc/arm-none-eabi/11.3.1/../../../../arm-none-eabi/lib/thumb/v7e-m+fp/hard/crt0.o (exit)
C:/ST/STM32CubeIDE_1.13.0/STM32CubeIDE/plugins/com.st.stm32cube.ide.mcu.externaltools.gnu-tools-for-stm32.11.3.rel1.win32_1.1.0.202305231506/tools/bin/../lib/gcc/arm-none-eabi/11.3.1/../../../../arm-none-eabi/lib/thumb/v7e-m+fp/hard\libc_nano.a(libc_a-nano-vfprintf_float.o)
                              (_printf_float)
C:/ST/STM32CubeIDE_1.13.0/STM32CubeIDE/plugins/com.st.stm32cube.ide.mcu.externaltools.gnu-tools-for-stm32.11.3.rel1.win32_1.1.0.202305231506/tools/bin/../lib/gcc/arm-none-eabi/11.3.1/../../../../arm-none-eabi/lib/thumb/v7e-m+fp/hard\libc_nano.a(libc_a-nano-vfprintf_i.o)
                              C:/ST/STM32CubeIDE_1.13.0/STM32CubeIDE/plugins/com.st.stm32cube.ide.mcu.externaltools.gnu-tools-for-stm32.11.3.rel1.win32_1.1.0.202305231506/tools/bin/../lib/gcc/arm-none-eabi/11.3.1/../../../../arm-none-eabi/lib/thumb/v7e-m+fp/hard\libc_nano.a(libc_a-nano-vfprintf_float.o) (_printf_common)
C:/ST/STM32CubeIDE_1.13.0/STM32CubeIDE/plugins/com.st.stm32cube.ide.mcu.externaltools.gnu-tools-for-stm32.11.3.rel1.win32_1.1.0.202305231506/tools/bin/../lib/gcc/arm-none-eabi/11.3.1/../../../../arm-none-eabi/lib/thumb/v7e-m+fp/hard\libc_nano.a(libc_a-findfp.o)
                              C:/ST/STM32CubeIDE_1.13.0/STM32CubeIDE/plugins/com.st.stm32cube.ide.mcu.externaltools.gnu-tools-for-stm32.11.3.rel1.win32_1.1.0.202305231506/tools/bin/../lib/gcc/arm-none-eabi/11.3.1/../../../../arm-none-eabi/lib/thumb/v7e-m+fp/hard\libc_nano.a(libc_a-exit.o) (__stdio_exit_handler)
C:/ST/STM32CubeIDE_1.13.0/STM32CubeIDE/plugins/com.st.stm32cube.ide.mcu.externaltools.gnu-tools-for-stm32.11.3.rel1.win32_1.1.0.202305231506/tools/bin/../lib/gcc/arm-none-eabi/11.3.1/../../../../arm-none-eabi/lib/thumb/v7e-m+fp/hard\libc_nano.a(libc_a-fwalk.o)
                              C:/ST/STM32CubeIDE_1.13.0/STM32CubeIDE/plugins/com.st.stm32cube.ide.mcu.externaltools.gnu-tools-for-stm32.11.3.rel1.win32_1.1.0.202305231506/tools/bin/../lib/gcc/arm-none-eabi/11.3.1/../../../../arm-none-eabi/lib/thumb/v7e-m+fp/hard\libc_nano.a(libc_a-findfp.o) (_fwalk_sglue)
C:/ST/STM32CubeIDE_1.13.0/STM32CubeIDE/plugins/com.st.stm32cube.ide.mcu.externaltools.gnu-tools-for-stm32.11.3.rel1.win32_1.1.0.202305231506/tools/bin/../lib/gcc/arm-none-eabi/11.3.1/../../../../arm-none-eabi/lib/thumb/v7e-m+fp/hard\libc_nano.a(libc_a-printf.o)
                              ./Core/Src/icm20948.o (printf)
C:/ST/STM32CubeIDE_1.13.0/STM32CubeIDE/plugins/com.st.stm32cube.ide.mcu.externaltools.gnu-tools-for-stm32.11.3.rel1.win32_1.1.0.202305231506/tools/bin/../lib/gcc/arm-none-eabi/11.3.1/../../../../arm-none-eabi/lib/thumb/v7e-m+fp/hard\libc_nano.a(libc_a-puts.o)
                              ./Core/Src/icm20948.o (puts)
C:/ST/STM32CubeIDE_1.13.0/STM32CubeIDE/plugins/com.st.stm32cube.ide.mcu.externaltools.gnu-tools-for-stm32.11.3.rel1.win32_1.1.0.202305231506/tools/bin/../lib/gcc/arm-none-eabi/11.3.1/../../../../arm-none-eabi/lib/thumb/v7e-m+fp/hard\libc_nano.a(libc_a-sprintf.o)
                              ./Core/Src/main.o (sprintf)
C:/ST/STM32CubeIDE_1.13.0/STM32CubeIDE/plugins/com.st.stm32cube.ide.mcu.externaltools.gnu-tools-for-stm32.11.3.rel1.win32_1.1.0.202305231506/tools/bin/../lib/gcc/arm-none-eabi/11.3.1/../../../../arm-none-eabi/lib/thumb/v7e-m+fp/hard\libc_nano.a(libc_a-sscanf.o)
                              ./Core/Src/time.o (sscanf)
C:/ST/STM32CubeIDE_1.13.0/STM32CubeIDE/plugins/com.st.stm32cube.ide.mcu.externaltools.gnu-tools-for-stm32.11.3.rel1.win32_1.1.0.202305231506/tools/bin/../lib/gcc/arm-none-eabi/11.3.1/../../../../arm-none-eabi/lib/thumb/v7e-m+fp/hard\libc_nano.a(libc_a-stdio.o)
                              C:/ST/STM32CubeIDE_1.13.0/STM32CubeIDE/plugins/com.st.stm32cube.ide.mcu.externaltools.gnu-tools-for-stm32.11.3.rel1.win32_1.1.0.202305231506/tools/bin/../lib/gcc/arm-none-eabi/11.3.1/../../../../arm-none-eabi/lib/thumb/v7e-m+fp/hard\libc_nano.a(libc_a-findfp.o) (__sread)
C:/ST/STM32CubeIDE_1.13.0/STM32CubeIDE/plugins/com.st.stm32cube.ide.mcu.externaltools.gnu-tools-for-stm32.11.3.rel1.win32_1.1.0.202305231506/tools/bin/../lib/gcc/arm-none-eabi/11.3.1/../../../../arm-none-eabi/lib/thumb/v7e-m+fp/hard\libc_nano.a(libc_a-wbuf.o)
[...]
Memory Configuration

Name             Origin             Length             Attributes
RAM              0x0000000020000000 0x000000000000a000 xrw
RAM2             0x0000000010000000 0x0000000000002000 xrw
FLASH            0x0000000008000000 0x0000000000020000 xr
*default*        0x0000000000000000 0xffffffffffffffff

Linker script and memory map

LOAD C:/ST/STM32CubeIDE_1.13.0/STM32CubeIDE/plugins/com.st.stm32cube.ide.mcu.externaltools.gnu-tools-for-stm32.11.3.rel1.win32_1.1.0.202305231506/tools/bin/../lib/gcc/arm-none-eabi/11.3.1/thumb/v7e-m+fp/hard/crti.o
LOAD C:/ST/STM32CubeIDE_1.13.0/STM32CubeIDE/plugins/com.st.stm32cube.ide.mcu.externaltools.gnu-tools-for-stm32.11.3.rel1.win32_1.1.0.202305231506/tools/bin/../lib/gcc/arm-none-eabi/11.3.1/thumb/v7e-m+fp/hard/crtbegin.o
LOAD C:/ST/STM32CubeIDE_1.13.0/STM32CubeIDE/plugins/com.st.stm32cube.ide.mcu.externaltools.gnu-tools-for-stm32.11.3.rel1.win32_1.1.0.202305231506/tools/bin/../lib/gcc/arm-none-eabi/11.3.1/../../../../arm-none-eabi/lib/thumb/v7e-m+fp/hard/crt0.o
LOAD ./Core/Src/gpio.o
LOAD ./Core/Src/icm20948.o
LOAD ./Core/Src/main.o
LOAD ./Core/Src/quadspi.o
LOAD ./Core/Src/rtc.o
LOAD ./Core/Src/spi.o
LOAD ./Core/Src/stm32l4xx_hal_msp.o
LOAD ./Core/Src/stm32l4xx_it.o
LOAD ./Core/Src/syscalls.o
LOAD ./Core/Src/sysmem.o
LOAD ./Core/Src/system_stm32l4xx.o
LOAD ./Core/Src/time.o
LOAD ./Core/Startup/startup_stm32l412rbtxp.o
LOAD ./Drivers/STM32L4xx_HAL_Driver/Src/stm32l4xx_hal.o
LOAD ./Drivers/STM32L4xx_HAL_Driver/Src/stm32l4xx_hal_cortex.o
LOAD ./Drivers/STM32L4xx_HAL_Driver/Src/stm32l4xx_hal_dma.o
LOAD ./Drivers/STM32L4xx_HAL_Driver/Src/stm32l4xx_hal_dma_ex.o
LOAD ./Drivers/STM32L4xx_HAL_Driver/Src/stm32l4xx_hal_exti.o
LOAD ./Drivers/STM32L4xx_HAL_Driver/Src/stm32l4xx_hal_flash.o
LOAD ./Drivers/STM32L4xx_HAL_Driver/Src/stm32l4xx_hal_flash_ex.o
LOAD ./Drivers/STM32L4xx_HAL_Driver/Src/stm32l4xx_hal_flash_ramfunc.o
LOAD ./Drivers/STM32L4xx_HAL_Driver/Src/stm32l4xx_hal_gpio.o
LOAD ./Drivers/STM32L4xx_HAL_Driver/Src/stm32l4xx_hal_pcd.o
LOAD ./Drivers/STM32L4xx_HAL_Driver/Src/stm32l4xx_hal_pcd_ex.o
LOAD ./Drivers/STM32L4xx_HAL_Driver/Src/stm32l4xx_hal_pwr.o
LOAD ./Drivers/STM32L4xx_HAL_Driver/Src/stm32l4xx_hal_pwr_ex.o
LOAD ./Drivers/STM32L4xx_HAL_Driver/Src/stm32l4xx_hal_qspi.o
LOAD ./Drivers/STM32L4xx_HAL_Driver/Src/stm32l4xx_hal_rcc.o
LOAD ./Drivers/STM32L4xx_HAL_Driver/Src/stm32l4xx_hal_rcc_ex.o
LOAD ./Drivers/STM32L4xx_HAL_Driver/Src/stm32l4xx_hal_rtc.o
LOAD ./Drivers/STM32L4xx_HAL_Driver/Src/stm32l4xx_hal_rtc_ex.o
LOAD ./Drivers/STM32L4xx_HAL_Driver/Src/stm32l4xx_hal_spi.o
LOAD ./Drivers/STM32L4xx_HAL_Driver/Src/stm32l4xx_hal_spi_ex.o
LOAD ./Drivers/STM32L4xx_HAL_Driver/Src/stm32l4xx_hal_tim.o
LOAD ./Drivers/STM32L4xx_HAL_Driver/Src/stm32l4xx_hal_tim_ex.o
LOAD ./Drivers/STM32L4xx_HAL_Driver/Src/stm32l4xx_ll_usb.o
LOAD ./Middlewares/ST/STM32_USB_Device_Library/Class/CDC/Src/usbd_cdc.o
LOAD ./Middlewares/ST/STM32_USB_Device_Library/Core/Src/usbd_core.o
LOAD ./Middlewares/ST/STM32_USB_Device_Library/Core/Src/usbd_ctlreq.o
LOAD ./Middlewares/ST/STM32_USB_Device_Library/Core/Src/usbd_ioreq.o
LOAD ./USB_DEVICE/App/usb_device.o
LOAD ./USB_DEVICE/App/usbd_cdc_if.o
LOAD ./USB_DEVICE/App/usbd_desc.o
LOAD ./USB_DEVICE/Target/usbd_conf.o
START GROUP
LOAD C:/ST/STM32CubeIDE_1.13.0/STM32CubeIDE/plugins/com.st.stm32cube.ide.mcu.externaltools.gnu-tools-for-stm32.11.3.rel1.win32_1.1.0.202305231506/tools/bin/../lib/gcc/arm-none-eabi/11.3.1/../../../../arm-none-eabi/lib/thumb/v7e-m+fp/hard\libc_nano.a
LOAD C:/ST/STM32CubeIDE_1.13.0/STM32CubeIDE/plugins/com.st.stm32cube.ide.mcu.externaltools.gnu-tools-for-stm32.11.3.rel1.win32_1.1.0.202305231506/tools/bin/../lib/gcc/arm-none-eabi/11.3.1/../../../../arm-none-eabi/lib/thumb/v7e-m+fp/hard\libm.a
END GROUP
START GROUP
LOAD C:/ST/STM32CubeIDE_1.13.0/STM32CubeIDE/plugins/com.st.stm32cube.ide.mcu.externaltools.gnu-tools-for-stm32.11.3.rel1.win32_1.1.0.202305231506/tools/bin/../lib/gcc/arm-none-eabi/11.3.1/thumb/v7e-m+fp/hard\libgcc.a
LOAD C:/ST/STM32CubeIDE_1.13.0/STM32CubeIDE/plugins/com.st.stm32cube.ide.mcu.externaltools.gnu-tools-for-stm32.11.3.rel1.win32_1.1.0.202305231506/tools/bin/../lib/gcc/arm-none-eabi/11.3.1/../../../../arm-none-eabi/lib/thumb/v7e-m+fp/hard\libc_nano.a
END GROUP
START GROUP
LOAD C:/ST/STM32CubeIDE_1.13.0/STM32CubeIDE/plugins/com.st.stm32cube.ide.mcu.externaltools.gnu-tools-for-stm32.11.3.rel1.win32_1.1.0.202305231506/tools/bin/../lib/gcc/arm-none-eabi/11.3.1/thumb/v7e-m+fp/hard\libgcc.a
LOAD C:/ST/STM32CubeIDE_1.13.0/STM32CubeIDE/plugins/com.st.stm32cube.ide.mcu.externaltools.gnu-tools-for-stm32.11.3.rel1.win32_1.1.0.202305231506/tools/bin/../lib/gcc/arm-none-eabi/11.3.1/../../../../arm-none-eabi/lib/thumb/v7e-m+fp/hard\libc_nano.a
LOAD C:/ST/STM32CubeIDE_1.13.0/STM32CubeIDE/plugins/com.st.stm32cube.ide.mcu.externaltools.gnu-tools-for-stm32.11.3.rel1.win32_1.1.0.202305231506/tools/bin/../lib/gcc/arm-none-eabi/11.3.1/../../../../arm-none-eabi/lib/thumb/v7e-m+fp/hard\libnosys.a
END GROUP
START GROUP
LOAD C:/ST/STM32CubeIDE_1.13.0/STM32CubeIDE/plugins/com.st.stm32cube.ide.mcu.externaltools.gnu-tools-for-stm32.11.3.rel1.win32_1.1.0.202305231506/tools/bin/../lib/gcc/arm-none-eabi/11.3.1/thumb/v7e-m+fp/hard\libgcc.a
LOAD C:/ST/STM32CubeIDE_1.13.0/STM32CubeIDE/plugins/com.st.stm32cube.ide.mcu.externaltools.gnu-tools-for-stm32.11.3.rel1.win32_1.1.0.202305231506/tools/bin/../lib/gcc/arm-none-eabi/11.3.1/../../../../arm-none-eabi/lib/thumb/v7e-m+fp/hard\libc_nano.a
LOAD C:/ST/STM32CubeIDE_1.13.0/STM32CubeIDE/plugins/com.st.stm32cube.ide.mcu.externaltools.gnu-tools-for-stm32.11.3.rel1.win32_1.1.0.202305231506/tools/bin/../lib/gcc/arm-none-eabi/11.3.1/../../../../arm-none-eabi/lib/thumb/v7e-m+fp/hard\libnosys.a
END GROUP
LOAD C:/ST/STM32CubeIDE_1.13.0/STM32CubeIDE/plugins/com.st.stm32cube.ide.mcu.externaltools.gnu-tools-for-stm32.11.3.rel1.win32_1.1.0.202305231506/tools/bin/../lib/gcc/arm-none-eabi/11.3.1/thumb/v7e-m+fp/hard/crtend.o
LOAD C:/ST/STM32CubeIDE_1.13.0/STM32CubeIDE/plugins/com.st.stm32cube.ide.mcu.externaltools.gnu-tools-for-stm32.11.3.rel1.win32_1.1.0.202305231506/tools/bin/../lib/gcc/arm-none-eabi/11.3.1/thumb/v7e-m+fp/hard/crtn.o
                0x000000002000a000                _estack = (ORIGIN (RAM) + LENGTH (RAM))
                0x0000000000000200                _Min_Heap_Size = 0x200
                0x0000000000000400                _Min_Stack_Size = 0x400

.isr_vector     0x0000000008000000      0x18c
                0x0000000008000000                . = ALIGN (0x4)
 *(.isr_vector)
 .isr_vector    0x0000000008000000      0x18c ./Core/Startup/startup_stm32l412rbtxp.o
                0x0000000008000000                g_pfnVectors
                0x000000000800018c                . = ALIGN (0x4)

.text           0x0000000008000190    0x100b4
                0x0000000008000190                . = ALIGN (0x4)
 *(.text)
 .text          0x0000000008000190       0x40 C:/ST/STM32CubeIDE_1.13.0/STM32CubeIDE/plugins/com.st.stm32cube.ide.mcu.externaltools.gnu-tools-for-stm32.11.3.rel1.win32_1.1.0.202305231506/tools/bin/../lib/gcc/arm-none-eabi/11.3.1/thumb/v7e-m+fp/hard/crtbegin.o
 .text          0x00000000080001d0       0xa0 C:/ST/STM32CubeIDE_1.13.0/STM32CubeIDE/plugins/com.st.stm32cube.ide.mcu.externaltools.gnu-tools-for-stm32.11.3.rel1.win32_1.1.0.202305231506/tools/bin/../lib/gcc/arm-none-eabi/11.3.1/../../../../arm-none-eabi/lib/thumb/v7e-m+fp/hard\libc_nano.a(libc_a-memchr.o)
                0x00000000080001d0                memchr
 .text          0x0000000008000270       0x10 C:/ST/STM32CubeIDE_1.13.0/STM32CubeIDE/plugins/com.st.stm32cube.ide.mcu.externaltools.gnu-tools-for-stm32.11.3.rel1.win32_1.1.0.202305231506/tools/bin/../lib/gcc/arm-none-eabi/11.3.1/../../../../arm-none-eabi/lib/thumb/v7e-m+fp/hard\libc_nano.a(libc_a-strlen.o)
                0x0000000008000270                strlen
 .text          0x0000000008000280      0x378 C:/ST/STM32CubeIDE_1.13.0/STM32CubeIDE/plugins/com.st.stm32cube.ide.mcu.externaltools.gnu-tools-for-stm32.11.3.rel1.win32_1.1.0.202305231506/tools/bin/../lib/gcc/arm-none-eabi/11.3.1/thumb/v7e-m+fp/hard\libgcc.a(_arm_addsubdf3.o)
                0x0000000008000280                __aeabi_drsub
                0x0000000008000288                __aeabi_dsub
                0x0000000008000288                __subdf3
                0x000000000800028c                __aeabi_dadd
                0x000000000800028c                __adddf3
                0x0000000008000504                __floatunsidf
                0x0000000008000504                __aeabi_ui2d
                0x0000000008000524                __floatsidf
                0x0000000008000524                __aeabi_i2d
                0x0000000008000548                __aeabi_f2d
                0x0000000008000548                __extendsfdf2
                0x000000000800058c                __floatundidf
                0x000000000800058c                __aeabi_ul2d
                0x000000000800059c                __floatdidf
                0x000000000800059c                __aeabi_l2d
 .text          0x00000000080005f8      0x424 C:/ST/STM32CubeIDE_1.13.0/STM32CubeIDE/plugins/com.st.stm32cube.ide.mcu.externaltools.gnu-tools-for-stm32.11.3.rel1.win32_1.1.0.202305231506/tools/bin/../lib/gcc/arm-none-eabi/11.3.1/thumb/v7e-m+fp/hard\libgcc.a(_arm_muldivdf3.o)
                0x00000000080005f8                __aeabi_dmul
                0x00000000080005f8                __muldf3
                0x000000000800084c                __divdf3
                0x000000000800084c                __aeabi_ddiv
 .text          0x0000000008000a1c      0x110 C:/ST/STM32CubeIDE_1.13.0/STM32CubeIDE/plugins/com.st.stm32cube.ide.mcu.externaltools.gnu-tools-for-stm32.11.3.rel1.win32_1.1.0.202305231506/tools/bin/../lib/gcc/arm-none-eabi/11.3.1/thumb/v7e-m+fp/hard\libgcc.a(_arm_cmpdf2.o)
                0x0000000008000a1c                __gtdf2
                0x0000000008000a1c                __gedf2
                0x0000000008000a24                __ltdf2
                0x0000000008000a24                __ledf2
                0x0000000008000a2c                __nedf2
                0x0000000008000a2c                __eqdf2
                0x0000000008000a2c                __cmpdf2
                0x0000000008000aa8                __aeabi_cdrcmple
                0x0000000008000ab8                __aeabi_cdcmpeq
                0x0000000008000ab8                __aeabi_cdcmple
                0x0000000008000ac8                __aeabi_dcmpeq
                0x0000000008000adc                __aeabi_dcmplt
                0x0000000008000af0                __aeabi_dcmple
                0x0000000008000b04                __aeabi_dcmpge
                0x0000000008000b18                __aeabi_dcmpgt
 .text          0x0000000008000b2c       0x2c C:/ST/STM32CubeIDE_1.13.0/STM32CubeIDE/plugins/com.st.stm32cube.ide.mcu.externaltools.gnu-tools-for-stm32.11.3.rel1.win32_1.1.0.202305231506/tools/bin/../lib/gcc/arm-none-eabi/11.3.1/thumb/v7e-m+fp/hard\libgcc.a(_arm_unorddf2.o)
                0x0000000008000b2c                __unorddf2
                0x0000000008000b2c                __aeabi_dcmpun
 .text          0x0000000008000b58       0x50 C:/ST/STM32CubeIDE_1.13.0/STM32CubeIDE/plugins/com.st.stm32cube.ide.mcu.externaltools.gnu-tools-for-stm32.11.3.rel1.win32_1.1.0.202305231506/tools/bin/../lib/gcc/arm-none-eabi/11.3.1/thumb/v7e-m+fp/hard\libgcc.a(_arm_fixdfsi.o)
                0x0000000008000b58                __aeabi_d2iz
                0x0000000008000b58                __fixdfsi
 .text          0x0000000008000ba8       0xa0 C:/ST/STM32CubeIDE_1.13.0/STM32CubeIDE/plugins/com.st.stm32cube.ide.mcu.externaltools.gnu-tools-for-stm32.11.3.rel1.win32_1.1.0.202305231506/tools/bin/../lib/gcc/arm-none-eabi/11.3.1/thumb/v7e-m+fp/hard\libgcc.a(_arm_truncdfsf2.o)
                0x0000000008000ba8                __truncdfsf2
                0x0000000008000ba8                __aeabi_d2f
 *(.text*)
 .text.MX_GPIO_Init
                0x0000000008000c48       0xdc ./Core/Src/gpio.o
                0x0000000008000c48                MX_GPIO_Init
 .text.icm20948_init
                0x0000000008000d24       0x5c ./Core/Src/icm20948.o
                0x0000000008000d24                icm20948_init
 .text.ak09916_init
                0x0000000008000d80       0x36 ./Core/Src/icm20948.o
                0x0000000008000d80                ak09916_init
 .text.icm20948_gyro_read
                0x0000000008000db6       0x86 ./Core/Src/icm20948.o
                0x0000000008000db6                icm20948_gyro_read
 .text.icm20948_accel_read
                0x0000000008000e3c       0x94 ./Core/Src/icm20948.o
                0x0000000008000e3c                icm20948_accel_read
 .text.ak09916_mag_read
                0x0000000008000ed0       0xcc ./Core/Src/icm20948.o
                0x0000000008000ed0                ak09916_mag_read
 *fill*         0x0000000008000f9c        0x4 
 .text.read_all_data
                0x0000000008000fa0      0x238 ./Core/Src/icm20948.o
                0x0000000008000fa0                read_all_data
 .text.icm20948_who_am_i
                0x00000000080011d8       0x48 ./Core/Src/icm20948.o
                0x00000000080011d8                icm20948_who_am_i
 .text.ak09916_who_am_i
                0x0000000008001220       0x48 ./Core/Src/icm20948.o
                0x0000000008001220                ak09916_who_am_i
 .text.icm20948_device_reset
                0x0000000008001268       0x18 ./Core/Src/icm20948.o
                0x0000000008001268                icm20948_device_reset
 .text.ak09916_lp_config
                0x0000000008001280       0x28 ./Core/Src/icm20948.o
                0x0000000008001280                ak09916_lp_config
 .text.ak09916_soft_reset
                0x00000000080012a8       0x16 ./Core/Src/icm20948.o
                0x00000000080012a8                ak09916_soft_reset
 .text.icm20948_wakeup
                0x00000000080012be       0x34 ./Core/Src/icm20948.o
                0x00000000080012be                icm20948_wakeup
 .text.icm20948_spi_slave_enable
                0x00000000080012f2       0x2e ./Core/Src/icm20948.o
                0x00000000080012f2                icm20948_spi_slave_enable
 .text.icm20948_i2c_master_reset
                0x0000000008001320       0x2e ./Core/Src/icm20948.o
                0x0000000008001320                icm20948_i2c_master_reset
 .text.icm20948_i2c_master_enable
                0x000000000800134e       0x34 ./Core/Src/icm20948.o
                0x000000000800134e                icm20948_i2c_master_enable
 .text.icm20948_i2c_master_clk_frq
                0x0000000008001382       0x32 ./Core/Src/icm20948.o
                0x0000000008001382                icm20948_i2c_master_clk_frq
 .text.icm20948_clock_source
                0x00000000080013b4       0x32 ./Core/Src/icm20948.o
                0x00000000080013b4                icm20948_clock_source
 .text.icm20948_odr_align_enable
                0x00000000080013e6       0x12 ./Core/Src/icm20948.o
                0x00000000080013e6                icm20948_odr_align_enable
 .text.icm20948_gyro_low_pass_filter
                0x00000000080013f8       0x3a ./Core/Src/icm20948.o
                0x00000000080013f8                icm20948_gyro_low_pass_filter
 .text.icm20948_accel_low_pass_filter
                0x0000000008001432       0x3a ./Core/Src/icm20948.o
                0x0000000008001432                icm20948_accel_low_pass_filter
 .text.icm20948_gyro_sample_rate_divider
                0x000000000800146c       0x1e ./Core/Src/icm20948.o
                0x000000000800146c                icm20948_gyro_sample_rate_divider
 .text.icm20948_accel_sample_rate_divider
                0x000000000800148a       0x3c ./Core/Src/icm20948.o
                0x000000000800148a                icm20948_accel_sample_rate_divider
 .text.ak09916_operation_mode_setting
                0x00000000080014c6       0x22 ./Core/Src/icm20948.o
                0x00000000080014c6                ak09916_operation_mode_setting
 .text.icm20948_gyro_calibration
                0x00000000080014e8      0x138 ./Core/Src/icm20948.o
                0x00000000080014e8                icm20948_gyro_calibration
 .text.icm20948_accel_calibration
                0x0000000008001620      0x21c ./Core/Src/icm20948.o
                0x0000000008001620                icm20948_accel_calibration
 .text.icm20948_gyro_full_scale_select
                0x000000000800183c       0x94 ./Core/Src/icm20948.o
                0x000000000800183c                icm20948_gyro_full_scale_select
 .text.icm20948_accel_full_scale_select
                0x00000000080018d0       0x8c ./Core/Src/icm20948.o
                0x00000000080018d0                icm20948_accel_full_scale_select
 .text.cs_high  0x000000000800195c       0x14 ./Core/Src/icm20948.o
 .text.cs_low   0x0000000008001970       0x14 ./Core/Src/icm20948.o
 .text.select_user_bank
                0x0000000008001984       0x34 ./Core/Src/icm20948.o
 .text.read_single_icm20948_reg
                0x00000000080019b8       0x58 ./Core/Src/icm20948.o
 .text.write_single_icm20948_reg
                0x0000000008001a10       0x48 ./Core/Src/icm20948.o
 .text.read_multiple_icm20948_reg
                0x0000000008001a58       0x60 ./Core/Src/icm20948.o
 .text.write_multiple_icm20948_reg
                0x0000000008001ab8       0x58 ./Core/Src/icm20948.o
 .text.read_single_ak09916_reg
                0x0000000008001b10       0x48 ./Core/Src/icm20948.o
 .text.write_single_ak09916_reg
                0x0000000008001b58       0x50 ./Core/Src/icm20948.o
 .text.read_multiple_ak09916_reg
                0x0000000008001ba8       0x5a ./Core/Src/icm20948.o
 .text.ITM_SendChar
                0x0000000008001c02       0x4e ./Core/Src/main.o
 .text.main     0x0000000008001c50      0x210 ./Core/Src/main.o
                0x0000000008001c50                main
 .text.SystemClock_Config
                0x0000000008001e60       0xd0 ./Core/Src/main.o
                0x0000000008001e60                SystemClock_Config
 .text._write   0x0000000008001f30       0x38 ./Core/Src/main.o
                0x0000000008001f30                _write
 .text.Error_Handler
                0x0000000008001f68        0xa ./Core/Src/main.o
                0x0000000008001f68                Error_Handler
 *fill*         0x0000000008001f72        0x2 
 .text.MX_QUADSPI_Init
                0x0000000008001f74       0x58 ./Core/Src/quadspi.o
                0x0000000008001f74                MX_QUADSPI_Init
 .text.HAL_QSPI_MspInit
                0x0000000008001fcc       0xc0 ./Core/Src/quadspi.o
                0x0000000008001fcc                HAL_QSPI_MspInit
 .text.HAL_QSPI_MspDeInit
                0x000000000800208c       0x44 ./Core/Src/quadspi.o
                0x000000000800208c                HAL_QSPI_MspDeInit
 .text.CSP_QUADSPI_Init
                0x00000000080020d0       0x80 ./Core/Src/quadspi.o
                0x00000000080020d0                CSP_QUADSPI_Init
 .text.CSP_QSPI_Erase_Chip
                0x0000000008002150       0x80 ./Core/Src/quadspi.o
                0x0000000008002150                CSP_QSPI_Erase_Chip
 .text.QSPI_AutoPollingMemReady
                0x00000000080021d0       0x74 ./Core/Src/quadspi.o
 .text.QSPI_WriteEnable
                0x0000000008002244       0x98 ./Core/Src/quadspi.o
 .text.QSPI_Configuration
                0x00000000080022dc      0x114 ./Core/Src/quadspi.o
 .text.QSPI_ResetChip
                0x00000000080023f0      0x204 ./Core/Src/quadspi.o
 .text.MX_RTC_Init
                0x00000000080025f4       0xc0 ./Core/Src/rtc.o
                0x00000000080025f4                MX_RTC_Init
 .text.HAL_RTC_MspInit
                0x00000000080026b4       0x60 ./Core/Src/rtc.o
                0x00000000080026b4                HAL_RTC_MspInit
 .text.MX_SPI1_Init
                0x0000000008002714       0x7c ./Core/Src/spi.o
                0x0000000008002714                MX_SPI1_Init
 .text.HAL_SPI_MspInit
                0x0000000008002790       0xc0 ./Core/Src/spi.o
                0x0000000008002790                HAL_SPI_MspInit
 .text.HAL_MspInit
                0x0000000008002850       0x48 ./Core/Src/stm32l4xx_hal_msp.o
                0x0000000008002850                HAL_MspInit
 .text.NMI_Handler
                0x0000000008002898        0x6 ./Core/Src/stm32l4xx_it.o
                0x0000000008002898                NMI_Handler
 .text.HardFault_Handler
                0x000000000800289e        0x6 ./Core/Src/stm32l4xx_it.o
                0x000000000800289e                HardFault_Handler
 .text.MemManage_Handler
                0x00000000080028a4        0x6 ./Core/Src/stm32l4xx_it.o
                0x00000000080028a4                MemManage_Handler
 .text.BusFault_Handler
                0x00000000080028aa        0x6 ./Core/Src/stm32l4xx_it.o
                0x00000000080028aa                BusFault_Handler
 .text.UsageFault_Handler
                0x00000000080028b0        0x6 ./Core/Src/stm32l4xx_it.o
                0x00000000080028b0                UsageFault_Handler
 .text.SVC_Handler
                0x00000000080028b6        0xe ./Core/Src/stm32l4xx_it.o
                0x00000000080028b6                SVC_Handler
 .text.DebugMon_Handler
                0x00000000080028c4        0xe ./Core/Src/stm32l4xx_it.o
                0x00000000080028c4                DebugMon_Handler
 .text.PendSV_Handler
                0x00000000080028d2        0xe ./Core/Src/stm32l4xx_it.o
                0x00000000080028d2                PendSV_Handler
 .text.SysTick_Handler
                0x00000000080028e0        0xc ./Core/Src/stm32l4xx_it.o
                0x00000000080028e0                SysTick_Handler
 .text.USB_IRQHandler
                0x00000000080028ec       0x14 ./Core/Src/stm32l4xx_it.o
                0x00000000080028ec                USB_IRQHandler
 .text._getpid  0x0000000008002900       0x10 ./Core/Src/syscalls.o
                0x0000000008002900                _getpid
 .text._kill    0x0000000008002910       0x20 ./Core/Src/syscalls.o
                0x0000000008002910                _kill
 .text._exit    0x0000000008002930       0x14 ./Core/Src/syscalls.o
                0x0000000008002930                _exit
 .text._read    0x0000000008002944       0x3a ./Core/Src/syscalls.o
                0x0000000008002944                _read
 .text._close   0x000000000800297e       0x18 ./Core/Src/syscalls.o
                0x000000000800297e                _close
 .text._fstat   0x0000000008002996       0x20 ./Core/Src/syscalls.o
                0x0000000008002996                _fstat
 .text._isatty  0x00000000080029b6       0x16 ./Core/Src/syscalls.o
                0x00000000080029b6                _isatty
 .text._lseek   0x00000000080029cc       0x1a ./Core/Src/syscalls.o
                0x00000000080029cc                _lseek
 *fill*         0x00000000080029e6        0x2 
 .text._sbrk    0x00000000080029e8       0x6c ./Core/Src/sysmem.o
                0x00000000080029e8                _sbrk
 .text.SystemInit
                0x0000000008002a54       0x24 ./Core/Src/system_stm32l4xx.o
                0x0000000008002a54                SystemInit
 .text.isLeapYear
                0x0000000008002a78       0x68 ./Core/Src/time.o
                0x0000000008002a78                isLeapYear
 .text.daysInMonth
                0x0000000008002ae0       0x66 ./Core/Src/time.o
                0x0000000008002ae0                daysInMonth
 *fill*         0x0000000008002b46        0x2 
 .text.isInDST  0x0000000008002b48       0xe8 ./Core/Src/time.o
                0x0000000008002b48                isInDST
 .text.UTC_to_UKtime
                0x0000000008002c30       0xac ./Core/Src/time.o
                0x0000000008002c30                UTC_to_UKtime
 .text.ConvertDateToSecond
                0x0000000008002cdc      0x224 ./Core/Src/time.o
                0x0000000008002cdc                ConvertDateToSecond
 .text.read_time
                0x0000000008002f00      0x1c4 ./Core/Src/time.o
                0x0000000008002f00                read_time
 .text.Reset_Handler
                0x00000000080030c4       0x50 ./Core/Startup/startup_stm32l412rbtxp.o
                0x00000000080030c4                Reset_Handler
 .text.Default_Handler
                0x0000000008003114        0x2 ./Core/Startup/startup_stm32l412rbtxp.o
                0x0000000008003114                RTC_Alarm_IRQHandler
                0x0000000008003114                EXTI2_IRQHandler
                0x0000000008003114                TIM1_CC_IRQHandler
                0x0000000008003114                TSC_IRQHandler
                0x0000000008003114                TIM6_IRQHandler
                0x0000000008003114                TAMP_STAMP_IRQHandler
                0x0000000008003114                EXTI3_IRQHandler
                0x0000000008003114                LPTIM2_IRQHandler
                0x0000000008003114                I2C3_ER_IRQHandler
                0x0000000008003114                EXTI0_IRQHandler
                0x0000000008003114                I2C2_EV_IRQHandler
                0x0000000008003114                FPU_IRQHandler
                0x0000000008003114                TIM1_UP_TIM16_IRQHandler
                0x0000000008003114                ADC1_2_IRQHandler
                0x0000000008003114                SPI1_IRQHandler
                0x0000000008003114                DMA2_Channel2_IRQHandler
                0x0000000008003114                DMA1_Channel4_IRQHandler
                0x0000000008003114                USART3_IRQHandler
                0x0000000008003114                DMA1_Channel7_IRQHandler
                0x0000000008003114                DMA2_Channel1_IRQHandler
                0x0000000008003114                QUADSPI_IRQHandler
                0x0000000008003114                I2C1_EV_IRQHandler
                0x0000000008003114                DMA1_Channel6_IRQHandler
                0x0000000008003114                DMA2_Channel4_IRQHandler
                0x0000000008003114                RCC_IRQHandler
                0x0000000008003114                TIM1_TRG_COM_IRQHandler
                0x0000000008003114                DMA1_Channel1_IRQHandler
                0x0000000008003114                Default_Handler
                0x0000000008003114                DMA2_Channel7_IRQHandler
                0x0000000008003114                EXTI15_10_IRQHandler
                0x0000000008003114                I2C3_EV_IRQHandler
                0x0000000008003114                EXTI9_5_IRQHandler
                0x0000000008003114                RTC_WKUP_IRQHandler
                0x0000000008003114                PVD_PVM_IRQHandler
                0x0000000008003114                SPI2_IRQHandler
                0x0000000008003114                DMA2_Channel5_IRQHandler
                0x0000000008003114                CRS_IRQHandler
                0x0000000008003114                DMA1_Channel5_IRQHandler
                0x0000000008003114                EXTI4_IRQHandler
                0x0000000008003114                RNG_IRQHandler
                0x0000000008003114                DMA1_Channel3_IRQHandler
                0x0000000008003114                COMP_IRQHandler
                0x0000000008003114                WWDG_IRQHandler
                0x0000000008003114                LPUART1_IRQHandler
                0x0000000008003114                DMA2_Channel6_IRQHandler
                0x0000000008003114                TIM2_IRQHandler
                0x0000000008003114                EXTI1_IRQHandler
                0x0000000008003114                USART2_IRQHandler
                0x0000000008003114                I2C2_ER_IRQHandler
                0x0000000008003114                DMA1_Channel2_IRQHandler
                0x0000000008003114                FLASH_IRQHandler
                0x0000000008003114                USART1_IRQHandler
                0x0000000008003114                I2C1_ER_IRQHandler
                0x0000000008003114                LPTIM1_IRQHandler
                0x0000000008003114                DMA2_Channel3_IRQHandler
                0x0000000008003114                TIM1_BRK_TIM15_IRQHandler
 .text.HAL_Init
                0x0000000008003116       0x30 ./Drivers/STM32L4xx_HAL_Driver/Src/stm32l4xx_hal.o
                0x0000000008003116                HAL_Init
 *fill*         0x0000000008003146        0x2 
 .text.HAL_InitTick
                0x0000000008003148       0x78 ./Drivers/STM32L4xx_HAL_Driver/Src/stm32l4xx_hal.o
                0x0000000008003148                HAL_InitTick
 .text.HAL_IncTick
                0x00000000080031c0       0x28 ./Drivers/STM32L4xx_HAL_Driver/Src/stm32l4xx_hal.o
                0x00000000080031c0                HAL_IncTick
 .text.HAL_GetTick
                0x00000000080031e8       0x18 ./Drivers/STM32L4xx_HAL_Driver/Src/stm32l4xx_hal.o
                0x00000000080031e8                HAL_GetTick
 .text.HAL_Delay
                0x0000000008003200       0x48 ./Drivers/STM32L4xx_HAL_Driver/Src/stm32l4xx_hal.o
                0x0000000008003200                HAL_Delay
 .text.__NVIC_SetPriorityGrouping
                0x0000000008003248       0x48 ./Drivers/STM32L4xx_HAL_Driver/Src/stm32l4xx_hal_cortex.o
 .text.__NVIC_GetPriorityGrouping
                0x0000000008003290       0x1c ./Drivers/STM32L4xx_HAL_Driver/Src/stm32l4xx_hal_cortex.o
 .text.__NVIC_EnableIRQ
                0x00000000080032ac       0x3c ./Drivers/STM32L4xx_HAL_Driver/Src/stm32l4xx_hal_cortex.o
 .text.__NVIC_SetPriority
                0x00000000080032e8       0x54 ./Drivers/STM32L4xx_HAL_Driver/Src/stm32l4xx_hal_cortex.o
 .text.NVIC_EncodePriority
                0x000000000800333c       0x66 ./Drivers/STM32L4xx_HAL_Driver/Src/stm32l4xx_hal_cortex.o
 *fill*         0x00000000080033a2        0x2 
 .text.SysTick_Config
                0x00000000080033a4       0x44 ./Drivers/STM32L4xx_HAL_Driver/Src/stm32l4xx_hal_cortex.o
 .text.HAL_NVIC_SetPriorityGrouping
                0x00000000080033e8       0x16 ./Drivers/STM32L4xx_HAL_Driver/Src/stm32l4xx_hal_cortex.o
                0x00000000080033e8                HAL_NVIC_SetPriorityGrouping
 .text.HAL_NVIC_SetPriority
                0x00000000080033fe       0x38 ./Drivers/STM32L4xx_HAL_Driver/Src/stm32l4xx_hal_cortex.o
                0x00000000080033fe                HAL_NVIC_SetPriority
 .text.HAL_NVIC_EnableIRQ
                0x0000000008003436       0x1c ./Drivers/STM32L4xx_HAL_Driver/Src/stm32l4xx_hal_cortex.o
                0x0000000008003436                HAL_NVIC_EnableIRQ
 .text.HAL_SYSTICK_Config
                0x0000000008003452       0x18 ./Drivers/STM32L4xx_HAL_Driver/Src/stm32l4xx_hal_cortex.o
                0x0000000008003452                HAL_SYSTICK_Config
 *fill*         0x000000000800346a        0x2 
 .text.HAL_GPIO_Init
                0x000000000800346c      0x2e4 ./Drivers/STM32L4xx_HAL_Driver/Src/stm32l4xx_hal_gpio.o
                0x000000000800346c                HAL_GPIO_Init
 .text.HAL_GPIO_DeInit
                0x0000000008003750      0x1a4 ./Drivers/STM32L4xx_HAL_Driver/Src/stm32l4xx_hal_gpio.o
                0x0000000008003750                HAL_GPIO_DeInit
 .text.HAL_GPIO_WritePin
                0x00000000080038f4       0x30 ./Drivers/STM32L4xx_HAL_Driver/Src/stm32l4xx_hal_gpio.o
                0x00000000080038f4                HAL_GPIO_WritePin
 .text.HAL_PCD_Init
                0x0000000008003924      0x20c ./Drivers/STM32L4xx_HAL_Driver/Src/stm32l4xx_hal_pcd.o
                0x0000000008003924                HAL_PCD_Init
 .text.HAL_PCD_Start
                0x0000000008003b30       0x44 ./Drivers/STM32L4xx_HAL_Driver/Src/stm32l4xx_hal_pcd.o
                0x0000000008003b30                HAL_PCD_Start
 .text.HAL_PCD_IRQHandler
                0x0000000008003b74      0x24e ./Drivers/STM32L4xx_HAL_Driver/Src/stm32l4xx_hal_pcd.o
                0x0000000008003b74                HAL_PCD_IRQHandler
 .text.HAL_PCD_SetAddress
                0x0000000008003dc2       0x4a ./Drivers/STM32L4xx_HAL_Driver/Src/stm32l4xx_hal_pcd.o
                0x0000000008003dc2                HAL_PCD_SetAddress
 .text.HAL_PCD_EP_Open
                0x0000000008003e0c       0xba ./Drivers/STM32L4xx_HAL_Driver/Src/stm32l4xx_hal_pcd.o
                0x0000000008003e0c                HAL_PCD_EP_Open
 .text.HAL_PCD_EP_Close
                0x0000000008003ec6       0x90 ./Drivers/STM32L4xx_HAL_Driver/Src/stm32l4xx_hal_pcd.o
                0x0000000008003ec6                HAL_PCD_EP_Close
 .text.HAL_PCD_EP_Receive
                0x0000000008003f56       0x62 ./Drivers/STM32L4xx_HAL_Driver/Src/stm32l4xx_hal_pcd.o
                0x0000000008003f56                HAL_PCD_EP_Receive
 .text.HAL_PCD_EP_GetRxCount
                0x0000000008003fb8       0x30 ./Drivers/STM32L4xx_HAL_Driver/Src/stm32l4xx_hal_pcd.o
                0x0000000008003fb8                HAL_PCD_EP_GetRxCount
 .text.HAL_PCD_EP_Transmit
                0x0000000008003fe8       0x6e ./Drivers/STM32L4xx_HAL_Driver/Src/stm32l4xx_hal_pcd.o
                0x0000000008003fe8                HAL_PCD_EP_Transmit
 .text.HAL_PCD_EP_SetStall
                0x0000000008004056       0xc0 ./Drivers/STM32L4xx_HAL_Driver/Src/stm32l4xx_hal_pcd.o
                0x0000000008004056                HAL_PCD_EP_SetStall
 .text.HAL_PCD_EP_ClrStall
                0x0000000008004116       0xa8 ./Drivers/STM32L4xx_HAL_Driver/Src/stm32l4xx_hal_pcd.o
                0x0000000008004116                HAL_PCD_EP_ClrStall
 .text.PCD_EP_ISR_Handler
                0x00000000080041be      0x78a ./Drivers/STM32L4xx_HAL_Driver/Src/stm32l4xx_hal_pcd.o
 .text.HAL_PCD_EP_DB_Receive
                0x0000000008004948      0x212 ./Drivers/STM32L4xx_HAL_Driver/Src/stm32l4xx_hal_pcd.o
 .text.HAL_PCD_EP_DB_Transmit
                0x0000000008004b5a      0x7ec ./Drivers/STM32L4xx_HAL_Driver/Src/stm32l4xx_hal_pcd.o
 .text.HAL_PCDEx_PMAConfig
                0x0000000008005346       0x86 ./Drivers/STM32L4xx_HAL_Driver/Src/stm32l4xx_hal_pcd_ex.o
                0x0000000008005346                HAL_PCDEx_PMAConfig
 .text.HAL_PCDEx_ActivateLPM
                0x00000000080053cc       0x54 ./Drivers/STM32L4xx_HAL_Driver/Src/stm32l4xx_hal_pcd_ex.o
                0x00000000080053cc                HAL_PCDEx_ActivateLPM
 .text.HAL_PWR_EnableBkUpAccess
                0x0000000008005420       0x20 ./Drivers/STM32L4xx_HAL_Driver/Src/stm32l4xx_hal_pwr.o
                0x0000000008005420                HAL_PWR_EnableBkUpAccess
 .text.HAL_PWREx_GetVoltageRange
                0x0000000008005440       0x1c ./Drivers/STM32L4xx_HAL_Driver/Src/stm32l4xx_hal_pwr_ex.o
                0x0000000008005440                HAL_PWREx_GetVoltageRange
 .text.HAL_PWREx_ControlVoltageScaling
                0x000000000800545c       0xac ./Drivers/STM32L4xx_HAL_Driver/Src/stm32l4xx_hal_pwr_ex.o
                0x000000000800545c                HAL_PWREx_ControlVoltageScaling
 .text.HAL_PWREx_EnableVddUSB
                0x0000000008005508       0x20 ./Drivers/STM32L4xx_HAL_Driver/Src/stm32l4xx_hal_pwr_ex.o
                0x0000000008005508                HAL_PWREx_EnableVddUSB
 .text.HAL_QSPI_Init
                0x0000000008005528       0xf8 ./Drivers/STM32L4xx_HAL_Driver/Src/stm32l4xx_hal_qspi.o
                0x0000000008005528                HAL_QSPI_Init
 .text.HAL_QSPI_DeInit
                0x0000000008005620       0x48 ./Drivers/STM32L4xx_HAL_Driver/Src/stm32l4xx_hal_qspi.o
                0x0000000008005620                HAL_QSPI_DeInit
 .text.HAL_QSPI_Command
                0x0000000008005668       0xbc ./Drivers/STM32L4xx_HAL_Driver/Src/stm32l4xx_hal_qspi.o
                0x0000000008005668                HAL_QSPI_Command
 .text.HAL_QSPI_Transmit
                0x0000000008005724      0x124 ./Drivers/STM32L4xx_HAL_Driver/Src/stm32l4xx_hal_qspi.o
                0x0000000008005724                HAL_QSPI_Transmit
 .text.HAL_QSPI_Receive
                0x0000000008005848      0x13a ./Drivers/STM32L4xx_HAL_Driver/Src/stm32l4xx_hal_qspi.o
                0x0000000008005848                HAL_QSPI_Receive
 .text.HAL_QSPI_AutoPolling
                0x0000000008005982       0xee ./Drivers/STM32L4xx_HAL_Driver/Src/stm32l4xx_hal_qspi.o
                0x0000000008005982                HAL_QSPI_AutoPolling
 .text.HAL_QSPI_SetTimeout
                0x0000000008005a70       0x1c ./Drivers/STM32L4xx_HAL_Driver/Src/stm32l4xx_hal_qspi.o
                0x0000000008005a70                HAL_QSPI_SetTimeout
 .text.QSPI_WaitFlagStateUntilTimeout
                0x0000000008005a8c       0x6e ./Drivers/STM32L4xx_HAL_Driver/Src/stm32l4xx_hal_qspi.o
 .text.QSPI_Config
                0x0000000008005afa      0x30c ./Drivers/STM32L4xx_HAL_Driver/Src/stm32l4xx_hal_qspi.o
 *fill*         0x0000000008005e06        0x2 
 .text.HAL_RCC_OscConfig
                0x0000000008005e08      0x8c4 ./Drivers/STM32L4xx_HAL_Driver/Src/stm32l4xx_hal_rcc.o
                0x0000000008005e08                HAL_RCC_OscConfig
 .text.HAL_RCC_ClockConfig
                0x00000000080066cc      0x200 ./Drivers/STM32L4xx_HAL_Driver/Src/stm32l4xx_hal_rcc.o
                0x00000000080066cc                HAL_RCC_ClockConfig
 .text.HAL_RCC_GetSysClockFreq
                0x00000000080068cc      0x118 ./Drivers/STM32L4xx_HAL_Driver/Src/stm32l4xx_hal_rcc.o
                0x00000000080068cc                HAL_RCC_GetSysClockFreq
 .text.RCC_SetFlashLatencyFromMSIRange
                0x00000000080069e4       0xc0 ./Drivers/STM32L4xx_HAL_Driver/Src/stm32l4xx_hal_rcc.o
 .text.HAL_RCCEx_PeriphCLKConfig
                0x0000000008006aa4      0x30c ./Drivers/STM32L4xx_HAL_Driver/Src/stm32l4xx_hal_rcc_ex.o
                0x0000000008006aa4                HAL_RCCEx_PeriphCLKConfig
 .text.HAL_RCCEx_EnableMSIPLLMode
                0x0000000008006db0       0x20 ./Drivers/STM32L4xx_HAL_Driver/Src/stm32l4xx_hal_rcc_ex.o
                0x0000000008006db0                HAL_RCCEx_EnableMSIPLLMode
 .text.HAL_RTC_Init
                0x0000000008006dd0      0x120 ./Drivers/STM32L4xx_HAL_Driver/Src/stm32l4xx_hal_rtc.o
                0x0000000008006dd0                HAL_RTC_Init
 .text.HAL_RTC_SetTime
                0x0000000008006ef0      0x13a ./Drivers/STM32L4xx_HAL_Driver/Src/stm32l4xx_hal_rtc.o
                0x0000000008006ef0                HAL_RTC_SetTime
 .text.HAL_RTC_GetTime
                0x000000000800702a       0xb8 ./Drivers/STM32L4xx_HAL_Driver/Src/stm32l4xx_hal_rtc.o
                0x000000000800702a                HAL_RTC_GetTime
 .text.HAL_RTC_SetDate
                0x00000000080070e2      0x10e ./Drivers/STM32L4xx_HAL_Driver/Src/stm32l4xx_hal_rtc.o
                0x00000000080070e2                HAL_RTC_SetDate
 .text.HAL_RTC_GetDate
                0x00000000080071f0       0x9a ./Drivers/STM32L4xx_HAL_Driver/Src/stm32l4xx_hal_rtc.o
                0x00000000080071f0                HAL_RTC_GetDate
 *fill*         0x000000000800728a        0x2 
 .text.HAL_RTC_WaitForSynchro
                0x000000000800728c       0x48 ./Drivers/STM32L4xx_HAL_Driver/Src/stm32l4xx_hal_rtc.o
                0x000000000800728c                HAL_RTC_WaitForSynchro
 .text.RTC_EnterInitMode
                0x00000000080072d4       0x6c ./Drivers/STM32L4xx_HAL_Driver/Src/stm32l4xx_hal_rtc.o
                0x00000000080072d4                RTC_EnterInitMode
 .text.RTC_ExitInitMode
                0x0000000008007340       0x7c ./Drivers/STM32L4xx_HAL_Driver/Src/stm32l4xx_hal_rtc.o
                0x0000000008007340                RTC_ExitInitMode
 .text.RTC_ByteToBcd2
                0x00000000080073bc       0x40 ./Drivers/STM32L4xx_HAL_Driver/Src/stm32l4xx_hal_rtc.o
                0x00000000080073bc                RTC_ByteToBcd2
 .text.RTC_Bcd2ToByte
                0x00000000080073fc       0x34 ./Drivers/STM32L4xx_HAL_Driver/Src/stm32l4xx_hal_rtc.o
                0x00000000080073fc                RTC_Bcd2ToByte
 .text.HAL_SPI_Init
                0x0000000008007430      0x146 ./Drivers/STM32L4xx_HAL_Driver/Src/stm32l4xx_hal_spi.o
                0x0000000008007430                HAL_SPI_Init
 .text.HAL_SPI_Transmit
                0x0000000008007576      0x2ea ./Drivers/STM32L4xx_HAL_Driver/Src/stm32l4xx_hal_spi.o
                0x0000000008007576                HAL_SPI_Transmit
 .text.HAL_SPI_Receive
                0x0000000008007860      0x26e ./Drivers/STM32L4xx_HAL_Driver/Src/stm32l4xx_hal_spi.o
                0x0000000008007860                HAL_SPI_Receive
 .text.HAL_SPI_TransmitReceive
                0x0000000008007ace      0x444 ./Drivers/STM32L4xx_HAL_Driver/Src/stm32l4xx_hal_spi.o
                0x0000000008007ace                HAL_SPI_TransmitReceive
 *fill*         0x0000000008007f12        0x2 
 .text.SPI_WaitFlagStateUntilTimeout
                0x0000000008007f14      0x110 ./Drivers/STM32L4xx_HAL_Driver/Src/stm32l4xx_hal_spi.o
 .text.SPI_WaitFifoStateUntilTimeout
                0x0000000008008024      0x12c ./Drivers/STM32L4xx_HAL_Driver/Src/stm32l4xx_hal_spi.o
 .text.SPI_EndRxTransaction
                0x0000000008008150       0xb0 ./Drivers/STM32L4xx_HAL_Driver/Src/stm32l4xx_hal_spi.o
 .text.SPI_EndRxTxTransaction
                0x0000000008008200       0x8c ./Drivers/STM32L4xx_HAL_Driver/Src/stm32l4xx_hal_spi.o
 .text.USB_CoreInit
                0x000000000800828c       0x22 ./Drivers/STM32L4xx_HAL_Driver/Src/stm32l4xx_ll_usb.o
                0x000000000800828c                USB_CoreInit
 .text.USB_EnableGlobalInt
                0x00000000080082ae       0x2e ./Drivers/STM32L4xx_HAL_Driver/Src/stm32l4xx_ll_usb.o
                0x00000000080082ae                USB_EnableGlobalInt
 .text.USB_DisableGlobalInt
                0x00000000080082dc       0x36 ./Drivers/STM32L4xx_HAL_Driver/Src/stm32l4xx_ll_usb.o
                0x00000000080082dc                USB_DisableGlobalInt
 .text.USB_SetCurrentMode
                0x0000000008008312       0x1a ./Drivers/STM32L4xx_HAL_Driver/Src/stm32l4xx_ll_usb.o
                0x0000000008008312                USB_SetCurrentMode
 .text.USB_DevInit
                0x000000000800832c       0x42 ./Drivers/STM32L4xx_HAL_Driver/Src/stm32l4xx_ll_usb.o
                0x000000000800832c                USB_DevInit
 *fill*         0x000000000800836e        0x2 
 .text.USB_ActivateEndpoint
                0x0000000008008370      0x788 ./Drivers/STM32L4xx_HAL_Driver/Src/stm32l4xx_ll_usb.o
                0x0000000008008370                USB_ActivateEndpoint
 .text.USB_DeactivateEndpoint
                0x0000000008008af8      0x3da ./Drivers/STM32L4xx_HAL_Driver/Src/stm32l4xx_ll_usb.o
                0x0000000008008af8                USB_DeactivateEndpoint
 .text.USB_EPStartXfer
                0x0000000008008ed2     0x1762 ./Drivers/STM32L4xx_HAL_Driver/Src/stm32l4xx_ll_usb.o
                0x0000000008008ed2                USB_EPStartXfer
 .text.USB_EPSetStall
                0x000000000800a634       0xa2 ./Drivers/STM32L4xx_HAL_Driver/Src/stm32l4xx_ll_usb.o
                0x000000000800a634                USB_EPSetStall
 .text.USB_EPClearStall
                0x000000000800a6d6      0x15c ./Drivers/STM32L4xx_HAL_Driver/Src/stm32l4xx_ll_usb.o
                0x000000000800a6d6                USB_EPClearStall
 .text.USB_SetDevAddress
                0x000000000800a832       0x28 ./Drivers/STM32L4xx_HAL_Driver/Src/stm32l4xx_ll_usb.o
                0x000000000800a832                USB_SetDevAddress
 .text.USB_DevConnect
                0x000000000800a85a       0x2e ./Drivers/STM32L4xx_HAL_Driver/Src/stm32l4xx_ll_usb.o
                0x000000000800a85a                USB_DevConnect
 .text.USB_DevDisconnect
                0x000000000800a888       0x2a ./Drivers/STM32L4xx_HAL_Driver/Src/stm32l4xx_ll_usb.o
                0x000000000800a888                USB_DevDisconnect
 .text.USB_ReadInterrupts
                0x000000000800a8b2       0x20 ./Drivers/STM32L4xx_HAL_Driver/Src/stm32l4xx_ll_usb.o
                0x000000000800a8b2                USB_ReadInterrupts
 .text.USB_EP0_OutStart
                0x000000000800a8d2       0x18 ./Drivers/STM32L4xx_HAL_Driver/Src/stm32l4xx_ll_usb.o
                0x000000000800a8d2                USB_EP0_OutStart
 .text.USB_WritePMA
                0x000000000800a8ea       0x84 ./Drivers/STM32L4xx_HAL_Driver/Src/stm32l4xx_ll_usb.o
                0x000000000800a8ea                USB_WritePMA
 .text.USB_ReadPMA
                0x000000000800a96e       0x98 ./Drivers/STM32L4xx_HAL_Driver/Src/stm32l4xx_ll_usb.o
                0x000000000800a96e                USB_ReadPMA
 *fill*         0x000000000800aa06        0x2 
 .text.USBD_CDC_Init
                0x000000000800aa08      0x1f0 ./Middlewares/ST/STM32_USB_Device_Library/Class/CDC/Src/usbd_cdc.o
 .text.USBD_CDC_DeInit
                0x000000000800abf8      0x104 ./Middlewares/ST/STM32_USB_Device_Library/Class/CDC/Src/usbd_cdc.o
 .text.USBD_CDC_Setup
                0x000000000800acfc      0x1b8 ./Middlewares/ST/STM32_USB_Device_Library/Class/CDC/Src/usbd_cdc.o
 .text.USBD_CDC_DataIn
                0x000000000800aeb4       0xfe ./Middlewares/ST/STM32_USB_Device_Library/Class/CDC/Src/usbd_cdc.o
 .text.USBD_CDC_DataOut
                0x000000000800afb2       0x70 ./Middlewares/ST/STM32_USB_Device_Library/Class/CDC/Src/usbd_cdc.o
 .text.USBD_CDC_EP0_RxReady
                0x000000000800b022       0x76 ./Middlewares/ST/STM32_USB_Device_Library/Class/CDC/Src/usbd_cdc.o
 .text.USBD_CDC_GetFSCfgDesc
                0x000000000800b098       0x70 ./Middlewares/ST/STM32_USB_Device_Library/Class/CDC/Src/usbd_cdc.o
 .text.USBD_CDC_GetHSCfgDesc
                0x000000000800b108       0x70 ./Middlewares/ST/STM32_USB_Device_Library/Class/CDC/Src/usbd_cdc.o
 .text.USBD_CDC_GetOtherSpeedCfgDesc
                0x000000000800b178       0x70 ./Middlewares/ST/STM32_USB_Device_Library/Class/CDC/Src/usbd_cdc.o
 .text.USBD_CDC_GetDeviceQualifierDescriptor
                0x000000000800b1e8       0x20 ./Middlewares/ST/STM32_USB_Device_Library/Class/CDC/Src/usbd_cdc.o
                0x000000000800b1e8                USBD_CDC_GetDeviceQualifierDescriptor
 .text.USBD_CDC_RegisterInterface
                0x000000000800b208       0x34 ./Middlewares/ST/STM32_USB_Device_Library/Class/CDC/Src/usbd_cdc.o
                0x000000000800b208                USBD_CDC_RegisterInterface
 .text.USBD_CDC_SetTxBuffer
                0x000000000800b23c       0x44 ./Middlewares/ST/STM32_USB_Device_Library/Class/CDC/Src/usbd_cdc.o
                0x000000000800b23c                USBD_CDC_SetTxBuffer
 .text.USBD_CDC_SetRxBuffer
                0x000000000800b280       0x3a ./Middlewares/ST/STM32_USB_Device_Library/Class/CDC/Src/usbd_cdc.o
                0x000000000800b280                USBD_CDC_SetRxBuffer
 *fill*         0x000000000800b2ba        0x2 
 .text.USBD_CDC_TransmitPacket
                0x000000000800b2bc       0x80 ./Middlewares/ST/STM32_USB_Device_Library/Class/CDC/Src/usbd_cdc.o
                0x000000000800b2bc                USBD_CDC_TransmitPacket
 .text.USBD_CDC_ReceivePacket
                0x000000000800b33c       0x6c ./Middlewares/ST/STM32_USB_Device_Library/Class/CDC/Src/usbd_cdc.o
                0x000000000800b33c                USBD_CDC_ReceivePacket
 .text.USBD_Init
                0x000000000800b3a8       0x60 ./Middlewares/ST/STM32_USB_Device_Library/Core/Src/usbd_core.o
                0x000000000800b3a8                USBD_Init
 .text.USBD_RegisterClass
                0x000000000800b408       0x6c ./Middlewares/ST/STM32_USB_Device_Library/Core/Src/usbd_core.o
                0x000000000800b408                USBD_RegisterClass
 .text.USBD_Start
                0x000000000800b474       0x18 ./Middlewares/ST/STM32_USB_Device_Library/Core/Src/usbd_core.o
                0x000000000800b474                USBD_Start
 .text.USBD_RunTestMode
                0x000000000800b48c       0x16 ./Middlewares/ST/STM32_USB_Device_Library/Core/Src/usbd_core.o
                0x000000000800b48c                USBD_RunTestMode
 .text.USBD_SetClassConfig
                0x000000000800b4a2       0x38 ./Middlewares/ST/STM32_USB_Device_Library/Core/Src/usbd_core.o
                0x000000000800b4a2                USBD_SetClassConfig
 .text.USBD_ClrClassConfig
                0x000000000800b4da       0x34 ./Middlewares/ST/STM32_USB_Device_Library/Core/Src/usbd_core.o
                0x000000000800b4da                USBD_ClrClassConfig
 .text.USBD_LL_SetupStage
                0x000000000800b50e       0xaa ./Middlewares/ST/STM32_USB_Device_Library/Core/Src/usbd_core.o
                0x000000000800b50e                USBD_LL_SetupStage
 .text.USBD_LL_DataOutStage
                0x000000000800b5b8      0x166 ./Middlewares/ST/STM32_USB_Device_Library/Core/Src/usbd_core.o
                0x000000000800b5b8                USBD_LL_DataOutStage
 .text.USBD_LL_DataInStage
                0x000000000800b71e      0x164 ./Middlewares/ST/STM32_USB_Device_Library/Core/Src/usbd_core.o
                0x000000000800b71e                USBD_LL_DataInStage
 .text.USBD_LL_Reset
                0x000000000800b882       0xa4 ./Middlewares/ST/STM32_USB_Device_Library/Core/Src/usbd_core.o
                0x000000000800b882                USBD_LL_Reset
 .text.USBD_LL_SetSpeed
                0x000000000800b926       0x20 ./Middlewares/ST/STM32_USB_Device_Library/Core/Src/usbd_core.o
                0x000000000800b926                USBD_LL_SetSpeed
 .text.USBD_LL_Suspend
                0x000000000800b946       0x38 ./Middlewares/ST/STM32_USB_Device_Library/Core/Src/usbd_core.o
                0x000000000800b946                USBD_LL_Suspend
 .text.USBD_LL_Resume
                0x000000000800b97e       0x30 ./Middlewares/ST/STM32_USB_Device_Library/Core/Src/usbd_core.o
                0x000000000800b97e                USBD_LL_Resume
 .text.USBD_LL_SOF
                0x000000000800b9ae       0x40 ./Middlewares/ST/STM32_USB_Device_Library/Core/Src/usbd_core.o
                0x000000000800b9ae                USBD_LL_SOF
 .text.USBD_CoreFindIF
                0x000000000800b9ee       0x1a ./Middlewares/ST/STM32_USB_Device_Library/Core/Src/usbd_core.o
                0x000000000800b9ee                USBD_CoreFindIF
 .text.USBD_CoreFindEP
                0x000000000800ba08       0x1a ./Middlewares/ST/STM32_USB_Device_Library/Core/Src/usbd_core.o
                0x000000000800ba08                USBD_CoreFindEP
 .text.USBD_GetEpDesc
                0x000000000800ba22       0x74 ./Middlewares/ST/STM32_USB_Device_Library/Core/Src/usbd_core.o
                0x000000000800ba22                USBD_GetEpDesc
 .text.USBD_GetNextDesc
                0x000000000800ba96       0x3a ./Middlewares/ST/STM32_USB_Device_Library/Core/Src/usbd_core.o
                0x000000000800ba96                USBD_GetNextDesc
 .text.SWAPBYTE
                0x000000000800bad0       0x3c ./Middlewares/ST/STM32_USB_Device_Library/Core/Src/usbd_ctlreq.o
 .text.USBD_StdDevReq
                0x000000000800bb0c       0xe4 ./Middlewares/ST/STM32_USB_Device_Library/Core/Src/usbd_ctlreq.o
                0x000000000800bb0c                USBD_StdDevReq
 .text.USBD_StdItfReq
                0x000000000800bbf0       0xd8 ./Middlewares/ST/STM32_USB_Device_Library/Core/Src/usbd_ctlreq.o
                0x000000000800bbf0                USBD_StdItfReq
 .text.USBD_StdEPReq
                0x000000000800bcc8      0x33a ./Middlewares/ST/STM32_USB_Device_Library/Core/Src/usbd_ctlreq.o
                0x000000000800bcc8                USBD_StdEPReq
 *fill*         0x000000000800c002        0x2 
 .text.USBD_GetDescriptor
                0x000000000800c004      0x328 ./Middlewares/ST/STM32_USB_Device_Library/Core/Src/usbd_ctlreq.o
 .text.USBD_SetAddress
                0x000000000800c32c       0x88 ./Middlewares/ST/STM32_USB_Device_Library/Core/Src/usbd_ctlreq.o
 .text.USBD_SetConfig
                0x000000000800c3b4      0x154 ./Middlewares/ST/STM32_USB_Device_Library/Core/Src/usbd_ctlreq.o
 .text.USBD_GetConfig
                0x000000000800c508       0x6c ./Middlewares/ST/STM32_USB_Device_Library/Core/Src/usbd_ctlreq.o
 .text.USBD_GetStatus
                0x000000000800c574       0x68 ./Middlewares/ST/STM32_USB_Device_Library/Core/Src/usbd_ctlreq.o
 .text.USBD_SetFeature
                0x000000000800c5dc       0x52 ./Middlewares/ST/STM32_USB_Device_Library/Core/Src/usbd_ctlreq.o
 .text.USBD_ClrFeature
                0x000000000800c62e       0x44 ./Middlewares/ST/STM32_USB_Device_Library/Core/Src/usbd_ctlreq.o
 .text.USBD_ParseSetupRequest
                0x000000000800c672       0x74 ./Middlewares/ST/STM32_USB_Device_Library/Core/Src/usbd_ctlreq.o
                0x000000000800c672                USBD_ParseSetupRequest
 .text.USBD_CtlError
                0x000000000800c6e6       0x22 ./Middlewares/ST/STM32_USB_Device_Library/Core/Src/usbd_ctlreq.o
                0x000000000800c6e6                USBD_CtlError
 .text.USBD_GetString
                0x000000000800c708       0x8c ./Middlewares/ST/STM32_USB_Device_Library/Core/Src/usbd_ctlreq.o
                0x000000000800c708                USBD_GetString
 .text.USBD_GetLen
                0x000000000800c794       0x34 ./Middlewares/ST/STM32_USB_Device_Library/Core/Src/usbd_ctlreq.o
 .text.USBD_CtlSendData
                0x000000000800c7c8       0x36 ./Middlewares/ST/STM32_USB_Device_Library/Core/Src/usbd_ioreq.o
                0x000000000800c7c8                USBD_CtlSendData
 .text.USBD_CtlContinueSendData
                0x000000000800c7fe       0x22 ./Middlewares/ST/STM32_USB_Device_Library/Core/Src/usbd_ioreq.o
                0x000000000800c7fe                USBD_CtlContinueSendData
 .text.USBD_CtlPrepareRx
                0x000000000800c820       0x3a ./Middlewares/ST/STM32_USB_Device_Library/Core/Src/usbd_ioreq.o
                0x000000000800c820                USBD_CtlPrepareRx
 .text.USBD_CtlContinueRx
                0x000000000800c85a       0x22 ./Middlewares/ST/STM32_USB_Device_Library/Core/Src/usbd_ioreq.o
                0x000000000800c85a                USBD_CtlContinueRx
 .text.USBD_CtlSendStatus
                0x000000000800c87c       0x26 ./Middlewares/ST/STM32_USB_Device_Library/Core/Src/usbd_ioreq.o
                0x000000000800c87c                USBD_CtlSendStatus
 .text.USBD_CtlReceiveStatus
                0x000000000800c8a2       0x26 ./Middlewares/ST/STM32_USB_Device_Library/Core/Src/usbd_ioreq.o
                0x000000000800c8a2                USBD_CtlReceiveStatus
 .text.MX_USB_DEVICE_Init
                0x000000000800c8c8       0x60 ./USB_DEVICE/App/usb_device.o
                0x000000000800c8c8                MX_USB_DEVICE_Init
 .text.CDC_Init_FS
                0x000000000800c928       0x28 ./USB_DEVICE/App/usbd_cdc_if.o
 .text.CDC_DeInit_FS
                0x000000000800c950       0x10 ./USB_DEVICE/App/usbd_cdc_if.o
 .text.CDC_Control_FS
                0x000000000800c960       0xbc ./USB_DEVICE/App/usbd_cdc_if.o
 .text.CDC_Receive_FS
                0x000000000800ca1c       0x28 ./USB_DEVICE/App/usbd_cdc_if.o
 .text.CDC_Transmit_FS
                0x000000000800ca44       0x4c ./USB_DEVICE/App/usbd_cdc_if.o
                0x000000000800ca44                CDC_Transmit_FS
 .text.CDC_TransmitCplt_FS
                0x000000000800ca90       0x22 ./USB_DEVICE/App/usbd_cdc_if.o
 *fill*         0x000000000800cab2        0x2 
 .text.USBD_FS_DeviceDescriptor
                0x000000000800cab4       0x24 ./USB_DEVICE/App/usbd_desc.o
                0x000000000800cab4                USBD_FS_DeviceDescriptor
 .text.USBD_FS_LangIDStrDescriptor
                0x000000000800cad8       0x24 ./USB_DEVICE/App/usbd_desc.o
                0x000000000800cad8                USBD_FS_LangIDStrDescriptor
 .text.USBD_FS_ProductStrDescriptor
                0x000000000800cafc       0x3c ./USB_DEVICE/App/usbd_desc.o
                0x000000000800cafc                USBD_FS_ProductStrDescriptor
 .text.USBD_FS_ManufacturerStrDescriptor
                0x000000000800cb38       0x28 ./USB_DEVICE/App/usbd_desc.o
                0x000000000800cb38                USBD_FS_ManufacturerStrDescriptor
 .text.USBD_FS_SerialStrDescriptor
                0x000000000800cb60       0x24 ./USB_DEVICE/App/usbd_desc.o
                0x000000000800cb60                USBD_FS_SerialStrDescriptor
 .text.USBD_FS_ConfigStrDescriptor
                0x000000000800cb84       0x3c ./USB_DEVICE/App/usbd_desc.o
                0x000000000800cb84                USBD_FS_ConfigStrDescriptor
 .text.USBD_FS_InterfaceStrDescriptor
                0x000000000800cbc0       0x3c ./USB_DEVICE/App/usbd_desc.o
                0x000000000800cbc0                USBD_FS_InterfaceStrDescriptor
 .text.USBD_FS_USR_BOSDescriptor
                0x000000000800cbfc       0x24 ./USB_DEVICE/App/usbd_desc.o
                0x000000000800cbfc                USBD_FS_USR_BOSDescriptor
 .text.Get_SerialNum
                0x000000000800cc20       0x58 ./USB_DEVICE/App/usbd_desc.o
 .text.IntToUnicode
                0x000000000800cc78       0x7e ./USB_DEVICE/App/usbd_desc.o
 *fill*         0x000000000800ccf6        0x2 
 .text.HAL_PCD_MspInit
                0x000000000800ccf8       0xc4 ./USB_DEVICE/Target/usbd_conf.o
                0x000000000800ccf8                HAL_PCD_MspInit
 .text.HAL_PCD_SetupStageCallback
                0x000000000800cdbc       0x24 ./USB_DEVICE/Target/usbd_conf.o
                0x000000000800cdbc                HAL_PCD_SetupStageCallback
 .text.HAL_PCD_DataOutStageCallback
                0x000000000800cde0       0x36 ./USB_DEVICE/Target/usbd_conf.o
                0x000000000800cde0                HAL_PCD_DataOutStageCallback
 .text.HAL_PCD_DataInStageCallback
                0x000000000800ce16       0x34 ./USB_DEVICE/Target/usbd_conf.o
                0x000000000800ce16                HAL_PCD_DataInStageCallback
 .text.HAL_PCD_SOFCallback
                0x000000000800ce4a       0x1c ./USB_DEVICE/Target/usbd_conf.o
                0x000000000800ce4a                HAL_PCD_SOFCallback
 .text.HAL_PCD_ResetCallback
                0x000000000800ce66       0x3c ./USB_DEVICE/Target/usbd_conf.o
                0x000000000800ce66                HAL_PCD_ResetCallback
 *fill*         0x000000000800cea2        0x2 
 .text.HAL_PCD_SuspendCallback
                0x000000000800cea4       0x34 ./USB_DEVICE/Target/usbd_conf.o
                0x000000000800cea4                HAL_PCD_SuspendCallback
 .text.HAL_PCD_ResumeCallback
                0x000000000800ced8       0x38 ./USB_DEVICE/Target/usbd_conf.o
                0x000000000800ced8                HAL_PCD_ResumeCallback
 .text.USBD_LL_Init
                0x000000000800cf10       0xc4 ./USB_DEVICE/Target/usbd_conf.o
                0x000000000800cf10                USBD_LL_Init
 .text.USBD_LL_Start
                0x000000000800cfd4       0x64 ./USB_DEVICE/Target/usbd_conf.o
                0x000000000800cfd4                USBD_LL_Start
 .text.USBD_LL_OpenEP
                0x000000000800d038       0x7c ./USB_DEVICE/Target/usbd_conf.o
                0x000000000800d038                USBD_LL_OpenEP
 .text.USBD_LL_CloseEP
                0x000000000800d0b4       0x6c ./USB_DEVICE/Target/usbd_conf.o
                0x000000000800d0b4                USBD_LL_CloseEP
 .text.USBD_LL_StallEP
                0x000000000800d120       0x6c ./USB_DEVICE/Target/usbd_conf.o
                0x000000000800d120                USBD_LL_StallEP
 .text.USBD_LL_ClearStallEP
                0x000000000800d18c       0x6c ./USB_DEVICE/Target/usbd_conf.o
                0x000000000800d18c                USBD_LL_ClearStallEP
 .text.USBD_LL_IsStallEP
                0x000000000800d1f8       0x5a ./USB_DEVICE/Target/usbd_conf.o
                0x000000000800d1f8                USBD_LL_IsStallEP
 *fill*         0x000000000800d252        0x2 
 .text.USBD_LL_SetUSBAddress
                0x000000000800d254       0x6c ./USB_DEVICE/Target/usbd_conf.o
                0x000000000800d254                USBD_LL_SetUSBAddress
 .text.USBD_LL_Transmit
                0x000000000800d2c0       0x70 ./USB_DEVICE/Target/usbd_conf.o
                0x000000000800d2c0                USBD_LL_Transmit
 .text.USBD_LL_PrepareReceive
                0x000000000800d330       0x70 ./USB_DEVICE/Target/usbd_conf.o
                0x000000000800d330                USBD_LL_PrepareReceive
 .text.USBD_LL_GetRxDataSize
                0x000000000800d3a0       0x26 ./USB_DEVICE/Target/usbd_conf.o
                0x000000000800d3a0                USBD_LL_GetRxDataSize
 *fill*         0x000000000800d3c6        0x2 
 .text.HAL_PCDEx_LPM_Callback
                0x000000000800d3c8       0x6c ./USB_DEVICE/Target/usbd_conf.o
                0x000000000800d3c8                HAL_PCDEx_LPM_Callback
 .text.USBD_static_malloc
                0x000000000800d434       0x1c ./USB_DEVICE/Target/usbd_conf.o
                0x000000000800d434                USBD_static_malloc
 .text.USBD_static_free
                0x000000000800d450       0x14 ./USB_DEVICE/Target/usbd_conf.o
                0x000000000800d450                USBD_static_free
 .text.SystemClockConfig_Resume
                0x000000000800d464        0xc ./USB_DEVICE/Target/usbd_conf.o
 .text.__cvt    0x000000000800d470       0xc4 C:/ST/STM32CubeIDE_1.13.0/STM32CubeIDE/plugins/com.st.stm32cube.ide.mcu.externaltools.gnu-tools-for-stm32.11.3.rel1.win32_1.1.0.202305231506/tools/bin/../lib/gcc/arm-none-eabi/11.3.1/../../../../arm-none-eabi/lib/thumb/v7e-m+fp/hard\libc_nano.a(libc_a-nano-vfprintf_float.o)
                0x000000000800d470                __cvt
 .text.__exponent
                0x000000000800d534       0x7c C:/ST/STM32CubeIDE_1.13.0/STM32CubeIDE/plugins/com.st.stm32cube.ide.mcu.externaltools.gnu-tools-for-stm32.11.3.rel1.win32_1.1.0.202305231506/tools/bin/../lib/gcc/arm-none-eabi/11.3.1/../../../../arm-none-eabi/lib/thumb/v7e-m+fp/hard\libc_nano.a(libc_a-nano-vfprintf_float.o)
                0x000000000800d534                __exponent
 .text._printf_float
                0x000000000800d5b0      0x46c C:/ST/STM32CubeIDE_1.13.0/STM32CubeIDE/plugins/com.st.stm32cube.ide.mcu.externaltools.gnu-tools-for-stm32.11.3.rel1.win32_1.1.0.202305231506/tools/bin/../lib/gcc/arm-none-eabi/11.3.1/../../../../arm-none-eabi/lib/thumb/v7e-m+fp/hard\libc_nano.a(libc_a-nano-vfprintf_float.o)
                0x000000000800d5b0                _printf_float
 .text._printf_common
                0x000000000800da1c       0xda C:/ST/STM32CubeIDE_1.13.0/STM32CubeIDE/plugins/com.st.stm32cube.ide.mcu.externaltools.gnu-tools-for-stm32.11.3.rel1.win32_1.1.0.202305231506/tools/bin/../lib/gcc/arm-none-eabi/11.3.1/../../../../arm-none-eabi/lib/thumb/v7e-m+fp/hard\libc_nano.a(libc_a-nano-vfprintf_i.o)
                0x000000000800da1c                _printf_common
 *fill*         0x000000000800daf6        0x2 
 .text._printf_i
                0x000000000800daf8      0x244 C:/ST/STM32CubeIDE_1.13.0/STM32CubeIDE/plugins/com.st.stm32cube.ide.mcu.externaltools.gnu-tools-for-stm32.11.3.rel1.win32_1.1.0.202305231506/tools/bin/../lib/gcc/arm-none-eabi/11.3.1/../../../../arm-none-eabi/lib/thumb/v7e-m+fp/hard\libc_nano.a(libc_a-nano-vfprintf_i.o)
                0x000000000800daf8                _printf_i
 .text.std      0x000000000800dd3c       0x48 C:/ST/STM32CubeIDE_1.13.0/STM32CubeIDE/plugins/com.st.stm32cube.ide.mcu.externaltools.gnu-tools-for-stm32.11.3.rel1.win32_1.1.0.202305231506/tools/bin/../lib/gcc/arm-none-eabi/11.3.1/../../../../arm-none-eabi/lib/thumb/v7e-m+fp/hard\libc_nano.a(libc_a-findfp.o)
 .text.stdio_exit_handler
                0x000000000800dd84       0x18 C:/ST/STM32CubeIDE_1.13.0/STM32CubeIDE/plugins/com.st.stm32cube.ide.mcu.externaltools.gnu-tools-for-stm32.11.3.rel1.win32_1.1.0.202305231506/tools/bin/../lib/gcc/arm-none-eabi/11.3.1/../../../../arm-none-eabi/lib/thumb/v7e-m+fp/hard\libc_nano.a(libc_a-findfp.o)
 .text.cleanup_stdio
                0x000000000800dd9c       0x40 C:/ST/STM32CubeIDE_1.13.0/STM32CubeIDE/plugins/com.st.stm32cube.ide.mcu.externaltools.gnu-tools-for-stm32.11.3.rel1.win32_1.1.0.202305231506/tools/bin/../lib/gcc/arm-none-eabi/11.3.1/../../../../arm-none-eabi/lib/thumb/v7e-m+fp/hard\libc_nano.a(libc_a-findfp.o)
 .text.global_stdio_init.part.0
                0x000000000800dddc       0x3c C:/ST/STM32CubeIDE_1.13.0/STM32CubeIDE/plugins/com.st.stm32cube.ide.mcu.externaltools.gnu-tools-for-stm32.11.3.rel1.win32_1.1.0.202305231506/tools/bin/../lib/gcc/arm-none-eabi/11.3.1/../../../../arm-none-eabi/lib/thumb/v7e-m+fp/hard\libc_nano.a(libc_a-findfp.o)
 .text.__sfp_lock_acquire
                0x000000000800de18        0xc C:/ST/STM32CubeIDE_1.13.0/STM32CubeIDE/plugins/com.st.stm32cube.ide.mcu.externaltools.gnu-tools-for-stm32.11.3.rel1.win32_1.1.0.202305231506/tools/bin/../lib/gcc/arm-none-eabi/11.3.1/../../../../arm-none-eabi/lib/thumb/v7e-m+fp/hard\libc_nano.a(libc_a-findfp.o)
                0x000000000800de18                __sfp_lock_acquire
 .text.__sfp_lock_release
                0x000000000800de24        0xc C:/ST/STM32CubeIDE_1.13.0/STM32CubeIDE/plugins/com.st.stm32cube.ide.mcu.externaltools.gnu-tools-for-stm32.11.3.rel1.win32_1.1.0.202305231506/tools/bin/../lib/gcc/arm-none-eabi/11.3.1/../../../../arm-none-eabi/lib/thumb/v7e-m+fp/hard\libc_nano.a(libc_a-findfp.o)
                0x000000000800de24                __sfp_lock_release
 .text.__sinit  0x000000000800de30       0x30 C:/ST/STM32CubeIDE_1.13.0/STM32CubeIDE/plugins/com.st.stm32cube.ide.mcu.externaltools.gnu-tools-for-stm32.11.3.rel1.win32_1.1.0.202305231506/tools/bin/../lib/gcc/arm-none-eabi/11.3.1/../../../../arm-none-eabi/lib/thumb/v7e-m+fp/hard\libc_nano.a(libc_a-findfp.o)
                0x000000000800de30                __sinit
 .text._fwalk_sglue
                0x000000000800de60       0x3c C:/ST/STM32CubeIDE_1.13.0/STM32CubeIDE/plugins/com.st.stm32cube.ide.mcu.externaltools.gnu-tools-for-stm32.11.3.rel1.win32_1.1.0.202305231506/tools/bin/../lib/gcc/arm-none-eabi/11.3.1/../../../../arm-none-eabi/lib/thumb/v7e-m+fp/hard\libc_nano.a(libc_a-fwalk.o)
                0x000000000800de60                _fwalk_sglue
 .text.printf   0x000000000800de9c       0x24 C:/ST/STM32CubeIDE_1.13.0/STM32CubeIDE/plugins/com.st.stm32cube.ide.mcu.externaltools.gnu-tools-for-stm32.11.3.rel1.win32_1.1.0.202305231506/tools/bin/../lib/gcc/arm-none-eabi/11.3.1/../../../../arm-none-eabi/lib/thumb/v7e-m+fp/hard\libc_nano.a(libc_a-printf.o)
                0x000000000800de9c                iprintf
                0x000000000800de9c                printf
 .text._puts_r  0x000000000800dec0       0xa8 C:/ST/STM32CubeIDE_1.13.0/STM32CubeIDE/plugins/com.st.stm32cube.ide.mcu.externaltools.gnu-tools-for-stm32.11.3.rel1.win32_1.1.0.202305231506/tools/bin/../lib/gcc/arm-none-eabi/11.3.1/../../../../arm-none-eabi/lib/thumb/v7e-m+fp/hard\libc_nano.a(libc_a-puts.o)
                0x000000000800dec0                _puts_r
 .text.puts     0x000000000800df68       0x10 C:/ST/STM32CubeIDE_1.13.0/STM32CubeIDE/plugins/com.st.stm32cube.ide.mcu.externaltools.gnu-tools-for-stm32.11.3.rel1.win32_1.1.0.202305231506/tools/bin/../lib/gcc/arm-none-eabi/11.3.1/../../../../arm-none-eabi/lib/thumb/v7e-m+fp/hard\libc_nano.a(libc_a-puts.o)
                0x000000000800df68                puts
 .text.sprintf  0x000000000800df78       0x40 C:/ST/STM32CubeIDE_1.13.0/STM32CubeIDE/plugins/com.st.stm32cube.ide.mcu.externaltools.gnu-tools-for-stm32.11.3.rel1.win32_1.1.0.202305231506/tools/bin/../lib/gcc/arm-none-eabi/11.3.1/../../../../arm-none-eabi/lib/thumb/v7e-m+fp/hard\libc_nano.a(libc_a-sprintf.o)
                0x000000000800df78                siprintf
                0x000000000800df78                sprintf
 .text.__sread  0x000000000800dfb8       0x22 C:/ST/STM32CubeIDE_1.13.0/STM32CubeIDE/plugins/com.st.stm32cube.ide.mcu.externaltools.gnu-tools-for-stm32.11.3.rel1.win32_1.1.0.202305231506/tools/bin/../lib/gcc/arm-none-eabi/11.3.1/../../../../arm-none-eabi/lib/thumb/v7e-m+fp/hard\libc_nano.a(libc_a-stdio.o)
                0x000000000800dfb8                __sread
 .text.__swrite
                0x000000000800dfda       0x38 C:/ST/STM32CubeIDE_1.13.0/STM32CubeIDE/plugins/com.st.stm32cube.ide.mcu.externaltools.gnu-tools-for-stm32.11.3.rel1.win32_1.1.0.202305231506/tools/bin/../lib/gcc/arm-none-eabi/11.3.1/../../../../arm-none-eabi/lib/thumb/v7e-m+fp/hard\libc_nano.a(libc_a-stdio.o)
                0x000000000800dfda                __swrite
 .text.__sseek  0x000000000800e012       0x24 C:/ST/STM32CubeIDE_1.13.0/STM32CubeIDE/plugins/com.st.stm32cube.ide.mcu.externaltools.gnu-tools-for-stm32.11.3.rel1.win32_1.1.0.202305231506/tools/bin/../lib/gcc/arm-none-eabi/11.3.1/../../../../arm-none-eabi/lib/thumb/v7e-m+fp/hard\libc_nano.a(libc_a-stdio.o)
                0x000000000800e012                __sseek
 .text.__sclose
                0x000000000800e036        0x8 C:/ST/STM32CubeIDE_1.13.0/STM32CubeIDE/plugins/com.st.stm32cube.ide.mcu.externaltools.gnu-tools-for-stm32.11.3.rel1.win32_1.1.0.202305231506/tools/bin/../lib/gcc/arm-none-eabi/11.3.1/../../../../arm-none-eabi/lib/thumb/v7e-m+fp/hard\libc_nano.a(libc_a-stdio.o)
                0x000000000800e036                __sclose
 .text.__swbuf_r
                0x000000000800e03e       0x7a C:/ST/STM32CubeIDE_1.13.0/STM32CubeIDE/plugins/com.st.stm32cube.ide.mcu.externaltools.gnu-tools-for-stm32.11.3.rel1.win32_1.1.0.202305231506/tools/bin/../lib/gcc/arm-none-eabi/11.3.1/../../../../arm-none-eabi/lib/thumb/v7e-m+fp/hard\libc_nano.a(libc_a-wbuf.o)
                0x000000000800e03e                __swbuf_r
 .text.__swsetup_r
                0x000000000800e0b8       0xb0 C:/ST/STM32CubeIDE_1.13.0/STM32CubeIDE/plugins/com.st.stm32cube.ide.mcu.externaltools.gnu-tools-for-stm32.11.3.rel1.win32_1.1.0.202305231506/tools/bin/../lib/gcc/arm-none-eabi/11.3.1/../../../../arm-none-eabi/lib/thumb/v7e-m+fp/hard\libc_nano.a(libc_a-wsetup.o)
                0x000000000800e0b8                __swsetup_r
 .text.memset   0x000000000800e168       0x10 C:/ST/STM32CubeIDE_1.13.0/STM32CubeIDE/plugins/com.st.stm32cube.ide.mcu.externaltools.gnu-tools-for-stm32.11.3.rel1.win32_1.1.0.202305231506/tools/bin/../lib/gcc/arm-none-eabi/11.3.1/../../../../arm-none-eabi/lib/thumb/v7e-m+fp/hard\libc_nano.a(libc_a-memset.o)
                0x000000000800e168                memset
 .text._localeconv_r
                0x000000000800e178        0x8 C:/ST/STM32CubeIDE_1.13.0/STM32CubeIDE/plugins/com.st.stm32cube.ide.mcu.externaltools.gnu-tools-for-stm32.11.3.rel1.win32_1.1.0.202305231506/tools/bin/../lib/gcc/arm-none-eabi/11.3.1/../../../../arm-none-eabi/lib/thumb/v7e-m+fp/hard\libc_nano.a(libc_a-localeconv.o)
                0x000000000800e178                _localeconv_r
 .text._close_r
                0x000000000800e180       0x20 C:/ST/STM32CubeIDE_1.13.0/STM32CubeIDE/plugins/com.st.stm32cube.ide.mcu.externaltools.gnu-tools-for-stm32.11.3.rel1.win32_1.1.0.202305231506/tools/bin/../lib/gcc/arm-none-eabi/11.3.1/../../../../arm-none-eabi/lib/thumb/v7e-m+fp/hard\libc_nano.a(libc_a-closer.o)
                0x000000000800e180                _close_r
 .text._lseek_r
                0x000000000800e1a0       0x24 C:/ST/STM32CubeIDE_1.13.0/STM32CubeIDE/plugins/com.st.stm32cube.ide.mcu.externaltools.gnu-tools-for-stm32.11.3.rel1.win32_1.1.0.202305231506/tools/bin/../lib/gcc/arm-none-eabi/11.3.1/../../../../arm-none-eabi/lib/thumb/v7e-m+fp/hard\libc_nano.a(libc_a-lseekr.o)
                0x000000000800e1a0                _lseek_r
 .text._read_r  0x000000000800e1c4       0x24 C:/ST/STM32CubeIDE_1.13.0/STM32CubeIDE/plugins/com.st.stm32cube.ide.mcu.externaltools.gnu-tools-for-stm32.11.3.rel1.win32_1.1.0.202305231506/tools/bin/../lib/gcc/arm-none-eabi/11.3.1/../../../../arm-none-eabi/lib/thumb/v7e-m+fp/hard\libc_nano.a(libc_a-readr.o)
                0x000000000800e1c4                _read_r
 .text._write_r
                0x000000000800e1e8       0x24 C:/ST/STM32CubeIDE_1.13.0/STM32CubeIDE/plugins/com.st.stm32cube.ide.mcu.externaltools.gnu-tools-for-stm32.11.3.rel1.win32_1.1.0.202305231506/tools/bin/../lib/gcc/arm-none-eabi/11.3.1/../../../../arm-none-eabi/lib/thumb/v7e-m+fp/hard\libc_nano.a(libc_a-writer.o)
                0x000000000800e1e8                _write_r
 .text.__errno  0x000000000800e20c        0xc C:/ST/STM32CubeIDE_1.13.0/STM32CubeIDE/plugins/com.st.stm32cube.ide.mcu.externaltools.gnu-tools-for-stm32.11.3.rel1.win32_1.1.0.202305231506/tools/bin/../lib/gcc/arm-none-eabi/11.3.1/../../../../arm-none-eabi/lib/thumb/v7e-m+fp/hard\libc_nano.a(libc_a-errno.o)
                0x000000000800e20c                __errno
 .text.__libc_init_array
                0x000000000800e218       0x48 C:/ST/STM32CubeIDE_1.13.0/STM32CubeIDE/plugins/com.st.stm32cube.ide.mcu.externaltools.gnu-tools-for-stm32.11.3.rel1.win32_1.1.0.202305231506/tools/bin/../lib/gcc/arm-none-eabi/11.3.1/../../../../arm-none-eabi/lib/thumb/v7e-m+fp/hard\libc_nano.a(libc_a-init.o)
                0x000000000800e218                __libc_init_array
 .text.__retarget_lock_acquire_recursive
                0x000000000800e260        0x2 C:/ST/STM32CubeIDE_1.13.0/STM32CubeIDE/plugins/com.st.stm32cube.ide.mcu.externaltools.gnu-tools-for-stm32.11.3.rel1.win32_1.1.0.202305231506/tools/bin/../lib/gcc/arm-none-eabi/11.3.1/../../../../arm-none-eabi/lib/thumb/v7e-m+fp/hard\libc_nano.a(libc_a-lock.o)
                0x000000000800e260                __retarget_lock_acquire_recursive
 .text.__retarget_lock_release_recursive
                0x000000000800e262        0x2 C:/ST/STM32CubeIDE_1.13.0/STM32CubeIDE/plugins/com.st.stm32cube.ide.mcu.externaltools.gnu-tools-for-stm32.11.3.rel1.win32_1.1.0.202305231506/tools/bin/../lib/gcc/arm-none-eabi/11.3.1/../../../../arm-none-eabi/lib/thumb/v7e-m+fp/hard\libc_nano.a(libc_a-lock.o)
                0x000000000800e262                __retarget_lock_release_recursive
 .text.memcpy   0x000000000800e264       0x1c C:/ST/STM32CubeIDE_1.13.0/STM32CubeIDE/plugins/com.st.stm32cube.ide.mcu.externaltools.gnu-tools-for-stm32.11.3.rel1.win32_1.1.0.202305231506/tools/bin/../lib/gcc/arm-none-eabi/11.3.1/../../../../arm-none-eabi/lib/thumb/v7e-m+fp/hard\libc_nano.a(libc_a-memcpy-stub.o)
                0x000000000800e264                memcpy
 .text.quorem   0x000000000800e280      0x110 C:/ST/STM32CubeIDE_1.13.0/STM32CubeIDE/plugins/com.st.stm32cube.ide.mcu.externaltools.gnu-tools-for-stm32.11.3.rel1.win32_1.1.0.202305231506/tools/bin/../lib/gcc/arm-none-eabi/11.3.1/../../../../arm-none-eabi/lib/thumb/v7e-m+fp/hard\libc_nano.a(libc_a-dtoa.o)
 .text._dtoa_r  0x000000000800e390      0xbe4 C:/ST/STM32CubeIDE_1.13.0/STM32CubeIDE/plugins/com.st.stm32cube.ide.mcu.externaltools.gnu-tools-for-stm32.11.3.rel1.win32_1.1.0.202305231506/tools/bin/../lib/gcc/arm-none-eabi/11.3.1/../../../../arm-none-eabi/lib/thumb/v7e-m+fp/hard\libc_nano.a(libc_a-dtoa.o)
                0x000000000800e390                _dtoa_r
 .text._free_r  0x000000000800ef74       0x98 C:/ST/STM32CubeIDE_1.13.0/STM32CubeIDE/plugins/com.st.stm32cube.ide.mcu.externaltools.gnu-tools-for-stm32.11.3.rel1.win32_1.1.0.202305231506/tools/bin/../lib/gcc/arm-none-eabi/11.3.1/../../../../arm-none-eabi/lib/thumb/v7e-m+fp/hard\libc_nano.a(libc_a-freer.o)
                0x000000000800ef74                _free_r
 .text.malloc   0x000000000800f00c       0x10 C:/ST/STM32CubeIDE_1.13.0/STM32CubeIDE/plugins/com.st.stm32cube.ide.mcu.externaltools.gnu-tools-for-stm32.11.3.rel1.win32_1.1.0.202305231506/tools/bin/../lib/gcc/arm-none-eabi/11.3.1/../../../../arm-none-eabi/lib/thumb/v7e-m+fp/hard\libc_nano.a(libc_a-malloc.o)
                0x000000000800f00c                malloc
 .text.sbrk_aligned
                0x000000000800f01c       0x40 C:/ST/STM32CubeIDE_1.13.0/STM32CubeIDE/plugins/com.st.stm32cube.ide.mcu.externaltools.gnu-tools-for-stm32.11.3.rel1.win32_1.1.0.202305231506/tools/bin/../lib/gcc/arm-none-eabi/11.3.1/../../../../arm-none-eabi/lib/thumb/v7e-m+fp/hard\libc_nano.a(libc_a-mallocr.o)
 .text._malloc_r
                0x000000000800f05c      0x100 C:/ST/STM32CubeIDE_1.13.0/STM32CubeIDE/plugins/com.st.stm32cube.ide.mcu.externaltools.gnu-tools-for-stm32.11.3.rel1.win32_1.1.0.202305231506/tools/bin/../lib/gcc/arm-none-eabi/11.3.1/../../../../arm-none-eabi/lib/thumb/v7e-m+fp/hard\libc_nano.a(libc_a-mallocr.o)
                0x000000000800f05c                _malloc_r
 .text.__malloc_lock
                0x000000000800f15c        0xc C:/ST/STM32CubeIDE_1.13.0/STM32CubeIDE/plugins/com.st.stm32cube.ide.mcu.externaltools.gnu-tools-for-stm32.11.3.rel1.win32_1.1.0.202305231506/tools/bin/../lib/gcc/arm-none-eabi/11.3.1/../../../../arm-none-eabi/lib/thumb/v7e-m+fp/hard\libc_nano.a(libc_a-mlock.o)
                0x000000000800f15c                __malloc_lock
 .text.__malloc_unlock
                0x000000000800f168        0xc C:/ST/STM32CubeIDE_1.13.0/STM32CubeIDE/plugins/com.st.stm32cube.ide.mcu.externaltools.gnu-tools-for-stm32.11.3.rel1.win32_1.1.0.202305231506/tools/bin/../lib/gcc/arm-none-eabi/11.3.1/../../../../arm-none-eabi/lib/thumb/v7e-m+fp/hard\libc_nano.a(libc_a-mlock.o)
                0x000000000800f168                __malloc_unlock
 .text._Balloc  0x000000000800f174       0x80 C:/ST/STM32CubeIDE_1.13.0/STM32CubeIDE/plugins/com.st.stm32cube.ide.mcu.externaltools.gnu-tools-for-stm32.11.3.rel1.win32_1.1.0.202305231506/tools/bin/../lib/gcc/arm-none-eabi/11.3.1/../../../../arm-none-eabi/lib/thumb/v7e-m+fp/hard\libc_nano.a(libc_a-mprec.o)
                0x000000000800f174                _Balloc
 .text._Bfree   0x000000000800f1f4       0x44 C:/ST/STM32CubeIDE_1.13.0/STM32CubeIDE/plugins/com.st.stm32cube.ide.mcu.externaltools.gnu-tools-for-stm32.11.3.rel1.win32_1.1.0.202305231506/tools/bin/../lib/gcc/arm-none-eabi/11.3.1/../../../../arm-none-eabi/lib/thumb/v7e-m+fp/hard\libc_nano.a(libc_a-mprec.o)
                0x000000000800f1f4                _Bfree
 .text.__multadd
                0x000000000800f238       0x8c C:/ST/STM32CubeIDE_1.13.0/STM32CubeIDE/plugins/com.st.stm32cube.ide.mcu.externaltools.gnu-tools-for-stm32.11.3.rel1.win32_1.1.0.202305231506/tools/bin/../lib/gcc/arm-none-eabi/11.3.1/../../../../arm-none-eabi/lib/thumb/v7e-m+fp/hard\libc_nano.a(libc_a-mprec.o)
                0x000000000800f238                __multadd
 .text.__hi0bits
                0x000000000800f2c4       0x40 C:/ST/STM32CubeIDE_1.13.0/STM32CubeIDE/plugins/com.st.stm32cube.ide.mcu.externaltools.gnu-tools-for-stm32.11.3.rel1.win32_1.1.0.202305231506/tools/bin/../lib/gcc/arm-none-eabi/11.3.1/../../../../arm-none-eabi/lib/thumb/v7e-m+fp/hard\libc_nano.a(libc_a-mprec.o)
                0x000000000800f2c4                __hi0bits
 .text.__lo0bits
                0x000000000800f304       0x5a C:/ST/STM32CubeIDE_1.13.0/STM32CubeIDE/plugins/com.st.stm32cube.ide.mcu.externaltools.gnu-tools-for-stm32.11.3.rel1.win32_1.1.0.202305231506/tools/bin/../lib/gcc/arm-none-eabi/11.3.1/../../../../arm-none-eabi/lib/thumb/v7e-m+fp/hard\libc_nano.a(libc_a-mprec.o)
                0x000000000800f304                __lo0bits
 *fill*         0x000000000800f35e        0x2 
 .text.__i2b    0x000000000800f360       0x2c C:/ST/STM32CubeIDE_1.13.0/STM32CubeIDE/plugins/com.st.stm32cube.ide.mcu.externaltools.gnu-tools-for-stm32.11.3.rel1.win32_1.1.0.202305231506/tools/bin/../lib/gcc/arm-none-eabi/11.3.1/../../../../arm-none-eabi/lib/thumb/v7e-m+fp/hard\libc_nano.a(libc_a-mprec.o)
                0x000000000800f360                __i2b
 .text.__multiply
                0x000000000800f38c      0x154 C:/ST/STM32CubeIDE_1.13.0/STM32CubeIDE/plugins/com.st.stm32cube.ide.mcu.externaltools.gnu-tools-for-stm32.11.3.rel1.win32_1.1.0.202305231506/tools/bin/../lib/gcc/arm-none-eabi/11.3.1/../../../../arm-none-eabi/lib/thumb/v7e-m+fp/hard\libc_nano.a(libc_a-mprec.o)
                0x000000000800f38c                __multiply
 .text.__pow5mult
                0x000000000800f4e0       0xb4 C:/ST/STM32CubeIDE_1.13.0/STM32CubeIDE/plugins/com.st.stm32cube.ide.mcu.externaltools.gnu-tools-for-stm32.11.3.rel1.win32_1.1.0.202305231506/tools/bin/../lib/gcc/arm-none-eabi/11.3.1/../../../../arm-none-eabi/lib/thumb/v7e-m+fp/hard\libc_nano.a(libc_a-mprec.o)
                0x000000000800f4e0                __pow5mult
 .text.__lshift
                0x000000000800f594       0xd8 C:/ST/STM32CubeIDE_1.13.0/STM32CubeIDE/plugins/com.st.stm32cube.ide.mcu.externaltools.gnu-tools-for-stm32.11.3.rel1.win32_1.1.0.202305231506/tools/bin/../lib/gcc/arm-none-eabi/11.3.1/../../../../arm-none-eabi/lib/thumb/v7e-m+fp/hard\libc_nano.a(libc_a-mprec.o)
                0x000000000800f594                __lshift
 .text.__mcmp   0x000000000800f66c       0x38 C:/ST/STM32CubeIDE_1.13.0/STM32CubeIDE/plugins/com.st.stm32cube.ide.mcu.externaltools.gnu-tools-for-stm32.11.3.rel1.win32_1.1.0.202305231506/tools/bin/../lib/gcc/arm-none-eabi/11.3.1/../../../../arm-none-eabi/lib/thumb/v7e-m+fp/hard\libc_nano.a(libc_a-mprec.o)
                0x000000000800f66c                __mcmp
 .text.__mdiff  0x000000000800f6a4      0x114 C:/ST/STM32CubeIDE_1.13.0/STM32CubeIDE/plugins/com.st.stm32cube.ide.mcu.externaltools.gnu-tools-for-stm32.11.3.rel1.win32_1.1.0.202305231506/tools/bin/../lib/gcc/arm-none-eabi/11.3.1/../../../../arm-none-eabi/lib/thumb/v7e-m+fp/hard\libc_nano.a(libc_a-mprec.o)
                0x000000000800f6a4                __mdiff
 .text.__d2b    0x000000000800f7b8       0xb4 C:/ST/STM32CubeIDE_1.13.0/STM32CubeIDE/plugins/com.st.stm32cube.ide.mcu.externaltools.gnu-tools-for-stm32.11.3.rel1.win32_1.1.0.202305231506/tools/bin/../lib/gcc/arm-none-eabi/11.3.1/../../../../arm-none-eabi/lib/thumb/v7e-m+fp/hard\libc_nano.a(libc_a-mprec.o)
                0x000000000800f7b8                __d2b
 .text.__ssputs_r
                0x000000000800f86c       0xb4 C:/ST/STM32CubeIDE_1.13.0/STM32CubeIDE/plugins/com.st.stm32cube.ide.mcu.externaltools.gnu-tools-for-stm32.11.3.rel1.win32_1.1.0.202305231506/tools/bin/../lib/gcc/arm-none-eabi/11.3.1/../../../../arm-none-eabi/lib/thumb/v7e-m+fp/hard\libc_nano.a(libc_a-nano-svfprintf.o)
                0x000000000800f86c                __ssputs_r
 .text._svfprintf_r
                0x000000000800f920      0x1fc C:/ST/STM32CubeIDE_1.13.0/STM32CubeIDE/plugins/com.st.stm32cube.ide.mcu.externaltools.gnu-tools-for-stm32.11.3.rel1.win32_1.1.0.202305231506/tools/bin/../lib/gcc/arm-none-eabi/11.3.1/../../../../arm-none-eabi/lib/thumb/v7e-m+fp/hard\libc_nano.a(libc_a-nano-svfprintf.o)
                0x000000000800f920                _svfiprintf_r
                0x000000000800f920                _svfprintf_r
 .text.__sfputc_r
                0x000000000800fb1c       0x2e C:/ST/STM32CubeIDE_1.13.0/STM32CubeIDE/plugins/com.st.stm32cube.ide.mcu.externaltools.gnu-tools-for-stm32.11.3.rel1.win32_1.1.0.202305231506/tools/bin/../lib/gcc/arm-none-eabi/11.3.1/../../../../arm-none-eabi/lib/thumb/v7e-m+fp/hard\libc_nano.a(libc_a-nano-vfprintf.o)
 .text.__sfputs_r
                0x000000000800fb4a       0x24 C:/ST/STM32CubeIDE_1.13.0/STM32CubeIDE/plugins/com.st.stm32cube.ide.mcu.externaltools.gnu-tools-for-stm32.11.3.rel1.win32_1.1.0.202305231506/tools/bin/../lib/gcc/arm-none-eabi/11.3.1/../../../../arm-none-eabi/lib/thumb/v7e-m+fp/hard\libc_nano.a(libc_a-nano-vfprintf.o)
                0x000000000800fb4a                __sfputs_r
 *fill*         0x000000000800fb6e        0x2 
 .text._vfprintf_r
                0x000000000800fb70      0x234 C:/ST/STM32CubeIDE_1.13.0/STM32CubeIDE/plugins/com.st.stm32cube.ide.mcu.externaltools.gnu-tools-for-stm32.11.3.rel1.win32_1.1.0.202305231506/tools/bin/../lib/gcc/arm-none-eabi/11.3.1/../../../../arm-none-eabi/lib/thumb/v7e-m+fp/hard\libc_nano.a(libc_a-nano-vfprintf.o)
                0x000000000800fb70                _vfprintf_r
                0x000000000800fb70                _vfiprintf_r
 .text.__sflush_r
                0x000000000800fda4      0x10c C:/ST/STM32CubeIDE_1.13.0/STM32CubeIDE/plugins/com.st.stm32cube.ide.mcu.externaltools.gnu-tools-for-stm32.11.3.rel1.win32_1.1.0.202305231506/tools/bin/../lib/gcc/arm-none-eabi/11.3.1/../../../../arm-none-eabi/lib/thumb/v7e-m+fp/hard\libc_nano.a(libc_a-fflush.o)
                0x000000000800fda4                __sflush_r
 .text._fflush_r
                0x000000000800feb0       0x50 C:/ST/STM32CubeIDE_1.13.0/STM32CubeIDE/plugins/com.st.stm32cube.ide.mcu.externaltools.gnu-tools-for-stm32.11.3.rel1.win32_1.1.0.202305231506/tools/bin/../lib/gcc/arm-none-eabi/11.3.1/../../../../arm-none-eabi/lib/thumb/v7e-m+fp/hard\libc_nano.a(libc_a-fflush.o)
                0x000000000800feb0                _fflush_r
 .text.__swhatbuf_r
                0x000000000800ff00       0x4c C:/ST/STM32CubeIDE_1.13.0/STM32CubeIDE/plugins/com.st.stm32cube.ide.mcu.externaltools.gnu-tools-for-stm32.11.3.rel1.win32_1.1.0.202305231506/tools/bin/../lib/gcc/arm-none-eabi/11.3.1/../../../../arm-none-eabi/lib/thumb/v7e-m+fp/hard\libc_nano.a(libc_a-makebuf.o)
                0x000000000800ff00                __swhatbuf_r
 .text.__smakebuf_r
                0x000000000800ff4c       0x78 C:/ST/STM32CubeIDE_1.13.0/STM32CubeIDE/plugins/com.st.stm32cube.ide.mcu.externaltools.gnu-tools-for-stm32.11.3.rel1.win32_1.1.0.202305231506/tools/bin/../lib/gcc/arm-none-eabi/11.3.1/../../../../arm-none-eabi/lib/thumb/v7e-m+fp/hard\libc_nano.a(libc_a-makebuf.o)
                0x000000000800ff4c                __smakebuf_r
 .text.memmove  0x000000000800ffc4       0x34 C:/ST/STM32CubeIDE_1.13.0/STM32CubeIDE/plugins/com.st.stm32cube.ide.mcu.externaltools.gnu-tools-for-stm32.11.3.rel1.win32_1.1.0.202305231506/tools/bin/../lib/gcc/arm-none-eabi/11.3.1/../../../../arm-none-eabi/lib/thumb/v7e-m+fp/hard\libc_nano.a(libc_a-memmove.o)
                0x000000000800ffc4                memmove
 .text._fstat_r
                0x000000000800fff8       0x24 C:/ST/STM32CubeIDE_1.13.0/STM32CubeIDE/plugins/com.st.stm32cube.ide.mcu.externaltools.gnu-tools-for-stm32.11.3.rel1.win32_1.1.0.202305231506/tools/bin/../lib/gcc/arm-none-eabi/11.3.1/../../../../arm-none-eabi/lib/thumb/v7e-m+fp/hard\libc_nano.a(libc_a-fstatr.o)
                0x000000000800fff8                _fstat_r
 .text._isatty_r
                0x000000000801001c       0x20 C:/ST/STM32CubeIDE_1.13.0/STM32CubeIDE/plugins/com.st.stm32cube.ide.mcu.externaltools.gnu-tools-for-stm32.11.3.rel1.win32_1.1.0.202305231506/tools/bin/../lib/gcc/arm-none-eabi/11.3.1/../../../../arm-none-eabi/lib/thumb/v7e-m+fp/hard\libc_nano.a(libc_a-isattyr.o)
                0x000000000801001c                _isatty_r
 .text._sbrk_r  0x000000000801003c       0x20 C:/ST/STM32CubeIDE_1.13.0/STM32CubeIDE/plugins/com.st.stm32cube.ide.mcu.externaltools.gnu-tools-for-stm32.11.3.rel1.win32_1.1.0.202305231506/tools/bin/../lib/gcc/arm-none-eabi/11.3.1/../../../../arm-none-eabi/lib/thumb/v7e-m+fp/hard\libc_nano.a(libc_a-sbrkr.o)
                0x000000000801003c                _sbrk_r
 .text.__assert_func
                0x000000000801005c       0x3c C:/ST/STM32CubeIDE_1.13.0/STM32CubeIDE/plugins/com.st.stm32cube.ide.mcu.externaltools.gnu-tools-for-stm32.11.3.rel1.win32_1.1.0.202305231506/tools/bin/../lib/gcc/arm-none-eabi/11.3.1/../../../../arm-none-eabi/lib/thumb/v7e-m+fp/hard\libc_nano.a(libc_a-assert.o)
                0x000000000801005c                __assert_func
 .text._calloc_r
                0x0000000008010098       0x2c C:/ST/STM32CubeIDE_1.13.0/STM32CubeIDE/plugins/com.st.stm32cube.ide.mcu.externaltools.gnu-tools-for-stm32.11.3.rel1.win32_1.1.0.202305231506/tools/bin/../lib/gcc/arm-none-eabi/11.3.1/../../../../arm-none-eabi/lib/thumb/v7e-m+fp/hard\libc_nano.a(libc_a-callocr.o)
                0x0000000008010098                _calloc_r
 .text.__ascii_mbtowc
                0x00000000080100c4       0x24 C:/ST/STM32CubeIDE_1.13.0/STM32CubeIDE/plugins/com.st.stm32cube.ide.mcu.externaltools.gnu-tools-for-stm32.11.3.rel1.win32_1.1.0.202305231506/tools/bin/../lib/gcc/arm-none-eabi/11.3.1/../../../../arm-none-eabi/lib/thumb/v7e-m+fp/hard\libc_nano.a(libc_a-mbtowc_r.o)
                0x00000000080100c4                __ascii_mbtowc
 .text._realloc_r
                0x00000000080100e8       0x5e C:/ST/STM32CubeIDE_1.13.0/STM32CubeIDE/plugins/com.st.stm32cube.ide.mcu.externaltools.gnu-tools-for-stm32.11.3.rel1.win32_1.1.0.202305231506/tools/bin/../lib/gcc/arm-none-eabi/11.3.1/../../../../arm-none-eabi/lib/thumb/v7e-m+fp/hard\libc_nano.a(libc_a-reallocr.o)
                0x00000000080100e8                _realloc_r
 .text.__ascii_wctomb
                0x0000000008010146       0x1a C:/ST/STM32CubeIDE_1.13.0/STM32CubeIDE/plugins/com.st.stm32cube.ide.mcu.externaltools.gnu-tools-for-stm32.11.3.rel1.win32_1.1.0.202305231506/tools/bin/../lib/gcc/arm-none-eabi/11.3.1/../../../../arm-none-eabi/lib/thumb/v7e-m+fp/hard\libc_nano.a(libc_a-wctomb_r.o)
                0x0000000008010146                __ascii_wctomb
 .text.fprintf  0x0000000008010160       0x24 C:/ST/STM32CubeIDE_1.13.0/STM32CubeIDE/plugins/com.st.stm32cube.ide.mcu.externaltools.gnu-tools-for-stm32.11.3.rel1.win32_1.1.0.202305231506/tools/bin/../lib/gcc/arm-none-eabi/11.3.1/../../../../arm-none-eabi/lib/thumb/v7e-m+fp/hard\libc_nano.a(libc_a-fprintf.o)
                0x0000000008010160                fiprintf
                0x0000000008010160                fprintf
 .text.abort    0x0000000008010184        0xe C:/ST/STM32CubeIDE_1.13.0/STM32CubeIDE/plugins/com.st.stm32cube.ide.mcu.externaltools.gnu-tools-for-stm32.11.3.rel1.win32_1.1.0.202305231506/tools/bin/../lib/gcc/arm-none-eabi/11.3.1/../../../../arm-none-eabi/lib/thumb/v7e-m+fp/hard\libc_nano.a(libc_a-abort.o)
                0x0000000008010184                abort
 .text._malloc_usable_size_r
                0x0000000008010192       0x10 C:/ST/STM32CubeIDE_1.13.0/STM32CubeIDE/plugins/com.st.stm32cube.ide.mcu.externaltools.gnu-tools-for-stm32.11.3.rel1.win32_1.1.0.202305231506/tools/bin/../lib/gcc/arm-none-eabi/11.3.1/../../../../arm-none-eabi/lib/thumb/v7e-m+fp/hard\libc_nano.a(libc_a-msizer.o)
                0x0000000008010192                _malloc_usable_size_r
 .text._raise_r
                0x00000000080101a2       0x50 C:/ST/STM32CubeIDE_1.13.0/STM32CubeIDE/plugins/com.st.stm32cube.ide.mcu.externaltools.gnu-tools-for-stm32.11.3.rel1.win32_1.1.0.202305231506/tools/bin/../lib/gcc/arm-none-eabi/11.3.1/../../../../arm-none-eabi/lib/thumb/v7e-m+fp/hard\libc_nano.a(libc_a-signal.o)
                0x00000000080101a2                _raise_r
 *fill*         0x00000000080101f2        0x2 
 .text.raise    0x00000000080101f4       0x10 C:/ST/STM32CubeIDE_1.13.0/STM32CubeIDE/plugins/com.st.stm32cube.ide.mcu.externaltools.gnu-tools-for-stm32.11.3.rel1.win32_1.1.0.202305231506/tools/bin/../lib/gcc/arm-none-eabi/11.3.1/../../../../arm-none-eabi/lib/thumb/v7e-m+fp/hard\libc_nano.a(libc_a-signal.o)
                0x00000000080101f4                raise
 .text._kill_r  0x0000000008010204       0x24 C:/ST/STM32CubeIDE_1.13.0/STM32CubeIDE/plugins/com.st.stm32cube.ide.mcu.externaltools.gnu-tools-for-stm32.11.3.rel1.win32_1.1.0.202305231506/tools/bin/../lib/gcc/arm-none-eabi/11.3.1/../../../../arm-none-eabi/lib/thumb/v7e-m+fp/hard\libc_nano.a(libc_a-signalr.o)
                0x0000000008010204                _kill_r
 .text._getpid_r
                0x0000000008010228        0x4 C:/ST/STM32CubeIDE_1.13.0/STM32CubeIDE/plugins/com.st.stm32cube.ide.mcu.externaltools.gnu-tools-for-stm32.11.3.rel1.win32_1.1.0.202305231506/tools/bin/../lib/gcc/arm-none-eabi/11.3.1/../../../../arm-none-eabi/lib/thumb/v7e-m+fp/hard\libc_nano.a(libc_a-signalr.o)
                0x0000000008010228                _getpid_r
 *(.glue_7)
 .glue_7        0x000000000801022c        0x0 linker stubs
 *(.glue_7t)
 .glue_7t       0x000000000801022c        0x0 linker stubs
 *(.eh_frame)
 .eh_frame      0x000000000801022c        0x0 C:/ST/STM32CubeIDE_1.13.0/STM32CubeIDE/plugins/com.st.stm32cube.ide.mcu.externaltools.gnu-tools-for-stm32.11.3.rel1.win32_1.1.0.202305231506/tools/bin/../lib/gcc/arm-none-eabi/11.3.1/thumb/v7e-m+fp/hard/crtbegin.o
 *(.init)
 .init          0x000000000801022c        0x4 C:/ST/STM32CubeIDE_1.13.0/STM32CubeIDE/plugins/com.st.stm32cube.ide.mcu.externaltools.gnu-tools-for-stm32.11.3.rel1.win32_1.1.0.202305231506/tools/bin/../lib/gcc/arm-none-eabi/11.3.1/thumb/v7e-m+fp/hard/crti.o
                0x000000000801022c                _init
 .init          0x0000000008010230        0x8 C:/ST/STM32CubeIDE_1.13.0/STM32CubeIDE/plugins/com.st.stm32cube.ide.mcu.externaltools.gnu-tools-for-stm32.11.3.rel1.win32_1.1.0.202305231506/tools/bin/../lib/gcc/arm-none-eabi/11.3.1/thumb/v7e-m+fp/hard/crtn.o
 *(.fini)
 .fini          0x0000000008010238        0x4 C:/ST/STM32CubeIDE_1.13.0/STM32CubeIDE/plugins/com.st.stm32cube.ide.mcu.externaltools.gnu-tools-for-stm32.11.3.rel1.win32_1.1.0.202305231506/tools/bin/../lib/gcc/arm-none-eabi/11.3.1/thumb/v7e-m+fp/hard/crti.o
                0x0000000008010238                _fini
 .fini          0x000000000801023c        0x8 C:/ST/STM32CubeIDE_1.13.0/STM32CubeIDE/plugins/com.st.stm32cube.ide.mcu.externaltools.gnu-tools-for-stm32.11.3.rel1.win32_1.1.0.202305231506/tools/bin/../lib/gcc/arm-none-eabi/11.3.1/thumb/v7e-m+fp/hard/crtn.o
                0x0000000008010244                . = ALIGN (0x4)
                0x0000000008010244                _etext = .

.vfp11_veneer   0x0000000008010244        0x0
 .vfp11_veneer  0x0000000008010244        0x0 linker stubs

.v4_bx          0x0000000008010244        0x0
 .v4_bx         0x0000000008010244        0x0 linker stubs

.iplt           0x0000000008010244        0x0
 .iplt          0x0000000008010244        0x0 C:/ST/STM32CubeIDE_1.13.0/STM32CubeIDE/plugins/com.st.stm32cube.ide.mcu.externaltools.gnu-tools-for-stm32.11.3.rel1.win32_1.1.0.202305231506/tools/bin/../lib/gcc/arm-none-eabi/11.3.1/thumb/v7e-m+fp/hard/crtbegin.o

.rodata         0x0000000008010248      0x794
                0x0000000008010248                . = ALIGN (0x4)
 *(.rodata)
 .rodata        0x0000000008010248      0x1d7 ./Core/Src/icm20948.o
 *fill*         0x000000000801041f        0x1 
 .rodata        0x0000000008010420       0xba ./Core/Src/main.o
 *fill*         0x00000000080104da        0x2 
 .rodata        0x00000000080104dc       0xee ./Core/Src/time.o
 *fill*         0x00000000080105ca        0x2 
 .rodata        0x00000000080105cc       0x46 ./USB_DEVICE/App/usbd_desc.o
 *(.rodata*)
 *fill*         0x0000000008010612        0x2 
 .rodata.AHBPrescTable
                0x0000000008010614       0x10 ./Core/Src/system_stm32l4xx.o
                0x0000000008010614                AHBPrescTable
 .rodata.MSIRangeTable
                0x0000000008010624       0x30 ./Core/Src/system_stm32l4xx.o
                0x0000000008010624                MSIRangeTable
 .rodata.months.0