../Core/Src/icm20948.c:25:6:icm20948_init	8	static
../Core/Src/icm20948.c:50:6:ak09916_init	8	static
../Core/Src/icm20948.c:67:6:icm20948_gyro_read	24	static
../Core/Src/icm20948.c:76:6:icm20948_accel_read	24	static
../Core/Src/icm20948.c:86:6:ak09916_mag_read	32	static
../Core/Src/icm20948.c:113:6:icm20948_gyro_read_dps	16	static
../Core/Src/icm20948.c:122:6:icm20948_accel_read_g	16	static
../Core/Src/icm20948.c:131:6:ak09916_mag_read_uT	64	static
../Core/Src/icm20948.c:149:16:read_all_data	136	static
../Core/Src/icm20948.c:229:6:icm20948_who_am_i	16	static
../Core/Src/icm20948.c:243:6:ak09916_who_am_i	16	static
../Core/Src/icm20948.c:259:6:icm20948_device_reset	8	static
../Core/Src/icm20948.c:265:6:ak09916_lp_config	8	static
../Core/Src/icm20948.c:275:6:ak09916_soft_reset	8	static
../Core/Src/icm20948.c:281:6:icm20948_wakeup	16	static
../Core/Src/icm20948.c:290:6:icm20948_sleep	16	static
../Core/Src/icm20948.c:299:6:icm20948_spi_slave_enable	16	static
../Core/Src/icm20948.c:307:6:icm20948_i2c_master_reset	16	static
../Core/Src/icm20948.c:315:6:icm20948_i2c_master_enable	16	static
../Core/Src/icm20948.c:324:6:icm20948_i2c_master_clk_frq	24	static
../Core/Src/icm20948.c:332:6:icm20948_clock_source	24	static
../Core/Src/icm20948.c:340:6:icm20948_odr_align_enable	8	static
../Core/Src/icm20948.c:345:6:icm20948_gyro_low_pass_filter	24	static
../Core/Src/icm20948.c:353:6:icm20948_accel_low_pass_filter	24	static
../Core/Src/icm20948.c:361:6:icm20948_gyro_sample_rate_divider	16	static
../Core/Src/icm20948.c:366:6:icm20948_accel_sample_rate_divider	24	static
../Core/Src/icm20948.c:375:6:ak09916_operation_mode_setting	16	static
../Core/Src/icm20948.c:381:6:icm20948_gyro_calibration	48	static
../Core/Src/icm20948.c:413:6:icm20948_accel_calibration	72	static
../Core/Src/icm20948.c:471:6:icm20948_gyro_full_scale_select	24	static
../Core/Src/icm20948.c:498:6:icm20948_accel_full_scale_select	24	static
../Core/Src/icm20948.c:527:13:cs_high	8	static
../Core/Src/icm20948.c:532:13:cs_low	8	static
../Core/Src/icm20948.c:537:13:select_user_bank	24	static
../Core/Src/icm20948.c:548:16:read_single_icm20948_reg	24	static
../Core/Src/icm20948.c:562:13:write_single_icm20948_reg	24	static
../Core/Src/icm20948.c:575:17:read_multiple_icm20948_reg	24	static
../Core/Src/icm20948.c:589:13:write_multiple_icm20948_reg	24	static
../Core/Src/icm20948.c:600:16:read_single_ak09916_reg	16	static
../Core/Src/icm20948.c:610:13:write_single_ak09916_reg	16	static
../Core/Src/icm20948.c:621:17:read_multiple_ak09916_reg	16	static
