../Core/Src/quadspi.c:33:6:MX_QUADSPI_Init	8	static
../Core/Src/quadspi.c:62:6:HAL_QSPI_MspInit	48	static
../Core/Src/quadspi.c:104:6:HAL_QSPI_MspDeInit	16	static
../Core/Src/quadspi.c:138:1:CSP_QUADSPI_Init	8	static
../Core/Src/quadspi.c:175:1:CSP_QSPI_Erase_Chip	64	static
../Core/Src/quadspi.c:212:1:QSPI_AutoPollingMemReady	96	static
../Core/Src/quadspi.c:243:1:QSPI_WriteEnable	88	static
../Core/Src/quadspi.c:283:1:QSPI_Configuration	72	static
../Core/Src/quadspi.c:359:1:CSP_QSPI_EraseSector	72	static
../Core/Src/quadspi.c:401:1:CSP_QSPI_WriteMemory	96	static
../Core/Src/quadspi.c:480:1:CSP_QSPI_EnableMemoryMappedMode	72	static
../Core/Src/quadspi.c:509:1:QSPI_ResetChip	72	static,ignoring_inline_asm
